[DCU GPU] First hsaco: ../build_dcu/kernels/rigidDeltaAccum.hsaco
[DCU GPU] Loaded 53 hsaco modules from ../build_dcu/kernels
[DCU GPU] PxCreatePhysXGpu called
[DCU GPU] createGpuMemoryManager
[DCU GPU] getGpuKernelWranglerManager
[DCU GPU]   creating PxgCudaKernelWranglerManager...
[DCU GPU]   done
[DCU GPU] createGpuHeapMemoryAllocatorManager cap=536870912
[DCU GPU] createGpuDynamicsContext solverType=0
[DCU GPU] createGpuNphaseImplementationContext
[DCU GPU] createGpuSimulationController
Device::callbackQueue aborting with error : HSA_STATUS_ERROR_MEMORY_APERTURE_VIOLATION: The agent attempted to access memory beyond the largest legal address. code: 0x29
>>>>>>>> KERNEL VMFault !!!! <<<<<<

>>>>>>>> PID: 95567, SIGNAL: 0 !!!! <<<<<<

>>>>>>>> FOR DEVICE 0x564fc8b5fa70 <<<<<<


===========================================================================================
=========> HOSTQUEUE <0x564fcb1950b0>: VMFault HSA QUEUE ANALYSIS <=========
HOSTQUEUE <0x564fcb1950b0>: base_address 0x7f8f83600000
HOSTQUEUE <0x564fcb1950b0>: hsa queue id 3, stream id 2
HOSTQUEUE <0x564fcb1950b0>: get hsa queue W/R ptr: write index: 1233, read index: 1233
HOSTQUEUE <0x564fcb1950b0>: all command executed

===========================================================================================
=========> HOSTQUEUE <0x564fcb1106d0>: VMFault HSA QUEUE ANALYSIS <=========
HOSTQUEUE <0x564fcb1106d0>: base_address 0x7f8f87e00000
HOSTQUEUE <0x564fcb1106d0>: hsa queue id 2, stream id 1
HOSTQUEUE <0x564fcb1106d0>: get hsa queue W/R ptr: write index: 2427, read index: 2408

HOSTQUEUE <0x564fcb1106d0>: >>>>>>>> DUMP AQL 0x7f9818b8c000 PACKET WITH INDEX 2408 <<<<<<<<<
HOSTQUEUE <0x564fcb1106d0>: >>>>>>>> MATCH KERNEL COMMAND <<<<<<<<<
HOSTQUEUE <0x564fcb1106d0>: header: 0xb02
HOSTQUEUE <0x564fcb1106d0>: setup: 3
HOSTQUEUE <0x564fcb1106d0>: workgroup: x:64, y:1, z:1
HOSTQUEUE <0x564fcb1106d0>: grid: x:320, y:1, z:1
HOSTQUEUE <0x564fcb1106d0>: group_segment_size: 0
HOSTQUEUE <0x564fcb1106d0>: private_segment_size: 16384
HOSTQUEUE <0x564fcb1106d0>: completion_signal: 0x0
HOSTQUEUE <0x564fcb1106d0>: kernel_object: 0x7f9816cc0f00
HOSTQUEUE <0x564fcb1106d0>: device id: 0

HOSTQUEUE <0x564fcb1106d0>: >>>>>>>> FIND MATCH KERNEL DETAILS <<<<<<<<<
HOSTQUEUE <0x564fcb1106d0>: kernel name: sphereNphase_Kernel
HOSTQUEUE <0x564fcb1106d0>: >>>>>>>> DUMP KERNEL ARGS: size: 392 <<<<<<<<<

05 01 00 00 00 00 80 3f 00 a0 7c ee 8f 7f 00 00 
00 00 2c 4e 8f 7f 00 00 00 20 c0 d4 8f 7f 00 00 
00 00 d0 d4 8f 7f 00 00 00 00 c1 d4 8f 7f 00 00 
00 40 c0 d4 8f 7f 00 00 00 00 c0 dc 8f 7f 00 00 
00 00 c0 d8 8f 7f 00 00 80 a2 c0 d4 8f 7f 00 00 
00 d0 2a d5 8f 7f 00 00 14 d4 2a d5 8f 7f 00 00 
00 00 80 8f 8f 7f 00 00 00 00 c0 97 8f 7f 00 00 
00 00 60 8b 8f 7f 00 00 00 00 00 04 00 00 00 08 
00 00 00 04 00 00 00 00 05 00 00 00 01 00 00 00 
01 00 00 00 40 00 01 00 01 00 00 00 00 00 00 00 
00 00 00 00 00 00 00 00 00 00 00 00 00 00 00 00 
00 00 00 00 00 00 00 00 00 00 00 00 00 00 00 00 
00 00 00 00 00 00 00 00 03 00 00 00 00 00 00 00 
00 00 00 00 00 00 00 00 00 00 20 77 8f 7f 00 00 
00 00 00 00 00 00 00 00 00 00 40 7d 8f 7f 00 00 
00 00 00 00 00 00 00 00 00 00 00 00 00 00 00 00 
00 00 00 00 00 00 00 00 00 00 00 00 00 00 00 00 
00 00 00 00 00 00 00 00 00 00 00 00 00 00 00 00 
00 00 00 00 00 00 00 00 00 00 00 00 00 00 00 00 
00 00 00 00 00 00 00 00 00 00 00 00 00 00 00 00 
00 00 00 00 00 00 00 00 00 00 00 00 00 00 00 00 
00 c0 b8 18 98 7f 00 00 00 00 00 00 00 00 00 00 
03 00 00 00 00 00 00 00 00 00 00 00 00 00 00 00 
00 00 20 77 8f 7f 00 00 00 00 00 00 00 00 00 00 
00 f0 db d4 8f 7f 00 00 

HOSTQUEUE <0x564fcb1106d0>: >>>>>>>> DUMP KERNEL ARGS PTR INFO <<<<<<<<<
HOSTQUEUE <0x564fcb1106d0>: ptr arg index: 1, ptr: 0x7f8fee7ca000
HOSTQUEUE <0x564fcb1106d0>: origin ptr: 0x7f8fd4c00000, size byte: 536870912
HOSTQUEUE <0x564fcb1106d0>: ptr arg index: 2, ptr: 0x7f8f4e2c0000
HOSTQUEUE <0x564fcb1106d0>: origin ptr: 0x7f8f4ca00000, size byte: 536870912
HOSTQUEUE <0x564fcb1106d0>: ptr arg index: 3, ptr: 0x7f8fd4c02000
HOSTQUEUE <0x564fcb1106d0>: origin ptr: 0x7f8fd4c00000, size byte: 536870912
HOSTQUEUE <0x564fcb1106d0>: ptr arg index: 4, ptr: 0x7f8fd4d00000
HOSTQUEUE <0x564fcb1106d0>: origin ptr: 0x7f8fd4c00000, size byte: 536870912
HOSTQUEUE <0x564fcb1106d0>: ptr arg index: 5, ptr: 0x7f8fd4c10000
HOSTQUEUE <0x564fcb1106d0>: origin ptr: 0x7f8fd4c00000, size byte: 536870912
HOSTQUEUE <0x564fcb1106d0>: ptr arg index: 6, ptr: 0x7f8fd4c04000
HOSTQUEUE <0x564fcb1106d0>: origin ptr: 0x7f8fd4c00000, size byte: 536870912
HOSTQUEUE <0x564fcb1106d0>: ptr arg index: 7, ptr: 0x7f8fdcc00000
HOSTQUEUE <0x564fcb1106d0>: origin ptr: 0x7f8fd4c00000, size byte: 536870912
HOSTQUEUE <0x564fcb1106d0>: ptr arg index: 8, ptr: 0x7f8fd8c00000
HOSTQUEUE <0x564fcb1106d0>: origin ptr: 0x7f8fd4c00000, size byte: 536870912
HOSTQUEUE <0x564fcb1106d0>: ptr arg index: 9, ptr: 0x7f8fd4c0a280
HOSTQUEUE <0x564fcb1106d0>: origin ptr: 0x7f8fd4c00000, size byte: 536870912
HOSTQUEUE <0x564fcb1106d0>: ptr arg index: 10, ptr: 0x7f8fd52ad000
HOSTQUEUE <0x564fcb1106d0>: origin ptr: 0x7f8fd4c00000, size byte: 536870912
HOSTQUEUE <0x564fcb1106d0>: ptr arg index: 11, ptr: 0x7f8fd52ad414
HOSTQUEUE <0x564fcb1106d0>: origin ptr: 0x7f8fd4c00000, size byte: 536870912
HOSTQUEUE <0x564fcb1106d0>: ptr arg index: 12, ptr: 0x7f8f8f800000
HOSTQUEUE <0x564fcb1106d0>: origin ptr: 0x7f8f8f800000, size byte: 67108864
HOSTQUEUE <0x564fcb1106d0>: ptr arg index: 13, ptr: 0x7f8f97c00000
HOSTQUEUE <0x564fcb1106d0>: origin ptr: 0x7f8f97c00000, size byte: 134217728
HOSTQUEUE <0x564fcb1106d0>: ptr arg index: 14, ptr: 0x7f8f8b600000
HOSTQUEUE <0x564fcb1106d0>: origin ptr: 0x7f8f8b600000, size byte: 67108864
HOSTQUEUE <0x564fcb1106d0>: ptr arg index: 27, ptr: 0x7f8f77200000
HOSTQUEUE <0x564fcb1106d0>: origin ptr: 0x7f8f77200000, size byte: 13184056
HOSTQUEUE <0x564fcb1106d0>: ptr arg index: 46, ptr: 0x7f8f77200000
HOSTQUEUE <0x564fcb1106d0>: origin ptr: 0x7f8f77200000, size byte: 13184056
HOSTQUEUE <0x564fcb1106d0>: ptr arg index: 48, ptr: 0x7f8fd4dbf000
HOSTQUEUE <0x564fcb1106d0>: origin ptr: 0x7f8fd4c00000, size byte: 536870912

HOSTQUEUE <0x564fcb1106d0>: >>>>>>>> DUMP AQL 0x7f9818b8c000 PACKET WITH INDEX 2409 <<<<<<<<<
HOSTQUEUE <0x564fcb1106d0>: >>>>>>>> MATCH KERNEL COMMAND <<<<<<<<<
HOSTQUEUE <0x564fcb1106d0>: header: 0xb02
HOSTQUEUE <0x564fcb1106d0>: setup: 3
HOSTQUEUE <0x564fcb1106d0>: workgroup: x:32, y:8, z:1
HOSTQUEUE <0x564fcb1106d0>: grid: x:1024, y:8, z:1
HOSTQUEUE <0x564fcb1106d0>: group_segment_size: 36
HOSTQUEUE <0x564fcb1106d0>: private_segment_size: 1024
HOSTQUEUE <0x564fcb1106d0>: completion_signal: 0x0
HOSTQUEUE <0x564fcb1106d0>: kernel_object: 0x7f9814203a40
HOSTQUEUE <0x564fcb1106d0>: device id: 0

HOSTQUEUE <0x564fcb1106d0>: >>>>>>>> FIND MATCH KERNEL DETAILS <<<<<<<<<
HOSTQUEUE <0x564fcb1106d0>: kernel name: prepareLostFoundPairs_Stage1
HOSTQUEUE <0x564fcb1106d0>: >>>>>>>> DUMP KERNEL ARGS: size: 288 <<<<<<<<<

00 d0 2a d5 8f 7f 00 00 00 e0 db d4 8f 7f 00 00 
00 79 c0 d4 8f 7f 00 00 05 01 00 00 00 00 00 00 
20 00 00 00 01 00 00 00 01 00 00 00 20 00 08 00 
01 00 00 00 00 00 00 00 00 00 00 00 00 00 00 00 
00 00 00 00 00 00 00 00 00 00 00 00 00 00 00 00 
00 00 00 00 00 00 00 00 00 00 00 00 00 00 00 00 
03 00 00 00 00 00 00 00 00 00 00 00 00 00 00 00 
00 00 20 77 8f 7f 00 00 00 00 00 00 00 00 00 00 
00 00 40 7d 8f 7f 00 00 00 00 00 00 00 00 00 00 
00 00 00 00 00 00 00 00 00 00 00 00 00 00 00 00 
00 00 00 00 00 00 00 00 00 00 00 00 00 00 00 00 
00 00 00 00 00 00 00 00 00 00 00 00 00 00 00 00 
00 00 00 00 00 00 00 00 00 00 00 00 00 00 00 00 
00 00 00 00 00 00 00 00 00 00 00 00 00 00 00 00 
00 00 00 00 00 00 00 00 00 c0 b8 18 98 7f 00 00 
00 00 00 00 00 00 00 00 00 00 00 00 00 00 00 00 
08 00 00 00 00 00 00 00 00 00 80 8f 8f 7f 00 00 
00 00 00 88 8f 7f 00 00 00 c6 2a d5 8f 7f 00 00 

HOSTQUEUE <0x564fcb1106d0>: >>>>>>>> DUMP KERNEL ARGS PTR INFO <<<<<<<<<
HOSTQUEUE <0x564fcb1106d0>: ptr arg index: 0, ptr: 0x7f8fd52ad000
HOSTQUEUE <0x564fcb1106d0>: origin ptr: 0x7f8fd4c00000, size byte: 536870912
HOSTQUEUE <0x564fcb1106d0>: ptr arg index: 1, ptr: 0x7f8fd4dbe000
HOSTQUEUE <0x564fcb1106d0>: origin ptr: 0x7f8fd4c00000, size byte: 536870912
HOSTQUEUE <0x564fcb1106d0>: ptr arg index: 2, ptr: 0x7f8fd4c07900
HOSTQUEUE <0x564fcb1106d0>: origin ptr: 0x7f8fd4c00000, size byte: 536870912
HOSTQUEUE <0x564fcb1106d0>: ptr arg index: 14, ptr: 0x7f8f77200000
HOSTQUEUE <0x564fcb1106d0>: origin ptr: 0x7f8f77200000, size byte: 13184056
HOSTQUEUE <0x564fcb1106d0>: ptr arg index: 33, ptr: 0x7f8f8f800000
HOSTQUEUE <0x564fcb1106d0>: origin ptr: 0x7f8f8f800000, size byte: 67108864
HOSTQUEUE <0x564fcb1106d0>: ptr arg index: 34, ptr: 0x7f8f88000000
HOSTQUEUE <0x564fcb1106d0>: origin ptr: 0x7f8f88000000, size byte: 54525952
HOSTQUEUE <0x564fcb1106d0>: ptr arg index: 35, ptr: 0x7f8fd52ac600
HOSTQUEUE <0x564fcb1106d0>: origin ptr: 0x7f8fd4c00000, size byte: 536870912

HOSTQUEUE <0x564fcb1106d0>: >>>>>>>> DUMP AQL 0x7f9818b8c000 PACKET WITH INDEX 2410 <<<<<<<<<
HOSTQUEUE <0x564fcb1106d0>: >>>>>>>> MATCH KERNEL COMMAND <<<<<<<<<
HOSTQUEUE <0x564fcb1106d0>: header: 0xb02
HOSTQUEUE <0x564fcb1106d0>: setup: 3
HOSTQUEUE <0x564fcb1106d0>: workgroup: x:32, y:8, z:1
HOSTQUEUE <0x564fcb1106d0>: grid: x:1024, y:8, z:1
HOSTQUEUE <0x564fcb1106d0>: group_segment_size: 128
HOSTQUEUE <0x564fcb1106d0>: private_segment_size: 1024
HOSTQUEUE <0x564fcb1106d0>: completion_signal: 0x0
HOSTQUEUE <0x564fcb1106d0>: kernel_object: 0x7f9814203a80
HOSTQUEUE <0x564fcb1106d0>: device id: 0

HOSTQUEUE <0x564fcb1106d0>: >>>>>>>> FIND MATCH KERNEL DETAILS <<<<<<<<<
HOSTQUEUE <0x564fcb1106d0>: kernel name: prepareLostFoundPairs_Stage2
HOSTQUEUE <0x564fcb1106d0>: >>>>>>>> DUMP KERNEL ARGS: size: 328 <<<<<<<<<

00 d0 2a d5 8f 7f 00 00 00 e0 db d4 8f 7f 00 00 
00 00 2c 4e 8f 7f 00 00 00 90 7c ee 8f 7f 00 00 
00 e0 2a 4e 8f 7f 00 00 80 a4 20 b0 8f 7f 00 00 
00 79 c0 d4 8f 7f 00 00 05 01 00 00 00 00 00 00 
00 80 2c 4e 8f 7f 00 00 20 00 00 00 01 00 00 00 
01 00 00 00 20 00 08 00 01 00 00 00 00 00 00 00 
00 00 00 00 00 00 00 00 00 00 00 00 00 00 00 00 
00 00 00 00 00 00 00 00 00 00 00 00 00 00 00 00 
00 00 00 00 00 00 00 00 03 00 00 00 00 00 00 00 
00 00 00 00 00 00 00 00 00 00 20 77 8f 7f 00 00 
00 00 00 00 00 00 00 00 00 00 40 7d 8f 7f 00 00 
00 00 00 00 00 00 00 00 00 00 00 00 00 00 00 00 
00 00 00 00 00 00 00 00 00 00 00 00 00 00 00 00 
00 00 00 00 00 00 00 00 00 00 00 00 00 00 00 00 
00 00 00 00 00 00 00 00 00 00 00 00 00 00 00 00 
00 00 00 00 00 00 00 00 00 00 00 00 00 00 00 00 
00 00 00 00 00 00 00 00 00 00 00 00 00 00 00 00 
00 c0 b8 18 98 7f 00 00 00 00 00 00 00 00 00 00 
00 00 00 00 00 00 00 00 00 00 00 00 00 00 00 00 
00 00 00 00 00 00 00 00 00 00 00 00 00 00 00 00 
00 00 00 00 00 00 00 00 

HOSTQUEUE <0x564fcb1106d0>: >>>>>>>> DUMP KERNEL ARGS PTR INFO <<<<<<<<<
HOSTQUEUE <0x564fcb1106d0>: ptr arg index: 0, ptr: 0x7f8fd52ad000
HOSTQUEUE <0x564fcb1106d0>: origin ptr: 0x7f8fd4c00000, size byte: 536870912
HOSTQUEUE <0x564fcb1106d0>: ptr arg index: 1, ptr: 0x7f8fd4dbe000
HOSTQUEUE <0x564fcb1106d0>: origin ptr: 0x7f8fd4c00000, size byte: 536870912
HOSTQUEUE <0x564fcb1106d0>: ptr arg index: 2, ptr: 0x7f8f4e2c0000
HOSTQUEUE <0x564fcb1106d0>: origin ptr: 0x7f8f4ca00000, size byte: 536870912
HOSTQUEUE <0x564fcb1106d0>: ptr arg index: 3, ptr: 0x7f8fee7c9000
HOSTQUEUE <0x564fcb1106d0>: origin ptr: 0x7f8fd4c00000, size byte: 536870912
HOSTQUEUE <0x564fcb1106d0>: ptr arg index: 4, ptr: 0x7f8f4e2ae000
HOSTQUEUE <0x564fcb1106d0>: origin ptr: 0x7f8f4ca00000, size byte: 536870912
HOSTQUEUE <0x564fcb1106d0>: ptr arg index: 5, ptr: 0x7f8fb020a480
HOSTQUEUE <0x564fcb1106d0>: origin ptr: 0x7f8fb0200000, size byte: 536870912
HOSTQUEUE <0x564fcb1106d0>: ptr arg index: 6, ptr: 0x7f8fd4c07900
HOSTQUEUE <0x564fcb1106d0>: origin ptr: 0x7f8fd4c00000, size byte: 536870912
HOSTQUEUE <0x564fcb1106d0>: ptr arg index: 8, ptr: 0x7f8f4e2c8000
HOSTQUEUE <0x564fcb1106d0>: origin ptr: 0x7f8f4ca00000, size byte: 536870912
HOSTQUEUE <0x564fcb1106d0>: ptr arg index: 19, ptr: 0x7f8f77200000
HOSTQUEUE <0x564fcb1106d0>: origin ptr: 0x7f8f77200000, size byte: 13184056

HOSTQUEUE <0x564fcb1106d0>: >>>>>>>> DUMP AQL 0x7f9818b8c000 PACKET WITH INDEX 2411 <<<<<<<<<
HOSTQUEUE <0x564fcb1106d0>: >>>>>>>> MATCH KERNEL COMMAND <<<<<<<<<
HOSTQUEUE <0x564fcb1106d0>: header: 0xb02
HOSTQUEUE <0x564fcb1106d0>: setup: 3
HOSTQUEUE <0x564fcb1106d0>: workgroup: x:256, y:1, z:1
HOSTQUEUE <0x564fcb1106d0>: grid: x:512, y:1, z:1
HOSTQUEUE <0x564fcb1106d0>: group_segment_size: 0
HOSTQUEUE <0x564fcb1106d0>: private_segment_size: 152
HOSTQUEUE <0x564fcb1106d0>: completion_signal: 0x0
HOSTQUEUE <0x564fcb1106d0>: kernel_object: 0x7f98166419c0
HOSTQUEUE <0x564fcb1106d0>: device id: 0

HOSTQUEUE <0x564fcb1106d0>: >>>>>>>> FIND MATCH KERNEL DETAILS <<<<<<<<<
HOSTQUEUE <0x564fcb1106d0>: kernel name: updateFrictionPatches
HOSTQUEUE <0x564fcb1106d0>: >>>>>>>> DUMP KERNEL ARGS: size: 288 <<<<<<<<<

05 01 00 00 00 00 00 00 00 00 80 8f 8f 7f 00 00 
00 00 00 88 8f 7f 00 00 00 00 2c 4e 8f 7f 00 00 
02 00 00 00 01 00 00 00 01 00 00 00 00 01 01 00 
01 00 00 00 00 00 00 00 00 00 00 00 00 00 00 00 
00 00 00 00 00 00 00 00 00 00 00 00 00 00 00 00 
00 00 00 00 00 00 00 00 00 00 00 00 00 00 00 00 
03 00 00 00 00 00 00 00 00 00 00 00 00 00 00 00 
00 00 20 77 8f 7f 00 00 00 00 00 00 00 00 00 00 
00 00 40 7d 8f 7f 00 00 00 00 00 00 00 00 00 00 
00 00 00 00 00 00 00 00 00 00 00 00 00 00 00 00 
00 00 00 00 00 00 00 00 00 00 00 00 00 00 00 00 
00 00 00 00 00 00 00 00 00 00 00 00 00 00 00 00 
00 00 00 00 00 00 00 00 00 00 00 00 00 00 00 00 
00 00 00 00 00 00 00 00 00 00 00 00 00 00 00 00 
00 00 00 00 00 00 00 00 00 c0 b8 18 98 7f 00 00 
00 00 60 8b 8f 7f 00 00 00 00 00 04 00 00 00 08 
00 00 00 04 00 00 00 00 01 00 00 00 01 00 00 00 
01 00 00 00 40 00 01 00 01 00 00 00 00 00 00 00 

HOSTQUEUE <0x564fcb1106d0>: >>>>>>>> DUMP KERNEL ARGS PTR INFO <<<<<<<<<
HOSTQUEUE <0x564fcb1106d0>: ptr arg index: 1, ptr: 0x7f8f8f800000
HOSTQUEUE <0x564fcb1106d0>: origin ptr: 0x7f8f8f800000, size byte: 67108864
HOSTQUEUE <0x564fcb1106d0>: ptr arg index: 2, ptr: 0x7f8f88000000
HOSTQUEUE <0x564fcb1106d0>: origin ptr: 0x7f8f88000000, size byte: 54525952
HOSTQUEUE <0x564fcb1106d0>: ptr arg index: 3, ptr: 0x7f8f4e2c0000
HOSTQUEUE <0x564fcb1106d0>: origin ptr: 0x7f8f4ca00000, size byte: 536870912
HOSTQUEUE <0x564fcb1106d0>: ptr arg index: 14, ptr: 0x7f8f77200000
HOSTQUEUE <0x564fcb1106d0>: origin ptr: 0x7f8f77200000, size byte: 13184056
HOSTQUEUE <0x564fcb1106d0>: ptr arg index: 30, ptr: 0x7f8f8b600000
HOSTQUEUE <0x564fcb1106d0>: origin ptr: 0x7f8f8b600000, size byte: 67108864

HOSTQUEUE <0x564fcb1106d0>: >>>>>>>> DUMP AQL 0x7f9818b8c000 PACKET WITH INDEX 2412 <<<<<<<<<
HOSTQUEUE <0x564fcb1106d0>: >>>>>>>> MATCH KERNEL COMMAND <<<<<<<<<
HOSTQUEUE <0x564fcb1106d0>: header: 0xb02
HOSTQUEUE <0x564fcb1106d0>: setup: 3
HOSTQUEUE <0x564fcb1106d0>: workgroup: x:64, y:1, z:1
HOSTQUEUE <0x564fcb1106d0>: grid: x:639744, y:1, z:1
HOSTQUEUE <0x564fcb1106d0>: group_segment_size: 3840
HOSTQUEUE <0x564fcb1106d0>: private_segment_size: 16384
HOSTQUEUE <0x564fcb1106d0>: completion_signal: 0x0
HOSTQUEUE <0x564fcb1106d0>: kernel_object: 0x7f9816780f00
HOSTQUEUE <0x564fcb1106d0>: device id: 0

HOSTQUEUE <0x564fcb1106d0>: >>>>>>>> FIND MATCH KERNEL DETAILS <<<<<<<<<
HOSTQUEUE <0x564fcb1106d0>: kernel name: boxBoxNphase_Kernel
HOSTQUEUE <0x564fcb1106d0>: >>>>>>>> DUMP KERNEL ARGS: size: 392 <<<<<<<<<

b2 70 02 00 00 00 00 00 00 00 40 d5 8f 7f 00 00 
00 00 c0 d5 8f 7f 00 00 00 20 c0 d4 8f 7f 00 00 
00 00 d0 d4 8f 7f 00 00 00 00 c1 d4 8f 7f 00 00 
00 40 c0 d4 8f 7f 00 00 00 00 c0 dc 8f 7f 00 00 
00 00 c0 d8 8f 7f 00 00 80 a2 c0 d4 8f 7f 00 00 
00 00 a0 d7 8f 7f 00 00 c8 c2 a9 d7 8f 7f 00 00 
00 00 80 8f 8f 7f 00 00 00 00 c0 97 8f 7f 00 00 
00 00 60 8b 8f 7f 00 00 00 00 00 04 00 00 00 08 
00 00 00 04 00 00 80 3f 0c 27 00 00 01 00 00 00 
01 00 00 00 40 00 01 00 01 00 00 00 00 00 00 00 
00 00 00 00 00 00 00 00 00 00 00 00 00 00 00 00 
00 00 00 00 00 00 00 00 00 00 00 00 00 00 00 00 
00 00 00 00 00 00 00 00 03 00 00 00 00 00 00 00 
00 00 00 00 00 00 00 00 00 00 20 77 8f 7f 00 00 
00 00 00 00 00 00 00 00 00 00 40 7d 8f 7f 00 00 
00 00 00 00 00 00 00 00 00 00 00 00 00 00 00 00 
00 00 00 00 00 00 00 00 00 00 00 00 00 00 00 00 
00 00 00 00 00 00 00 00 00 00 00 00 00 00 00 00 
00 00 00 00 00 00 00 00 00 00 00 00 00 00 00 00 
00 00 00 00 00 00 00 00 00 00 00 00 00 00 00 00 
00 00 00 00 00 00 00 00 00 00 00 00 00 00 00 00 
00 c0 b8 18 98 7f 00 00 00 00 00 00 00 00 00 00 
03 00 00 00 00 00 00 00 00 00 00 00 00 00 00 00 
00 00 20 77 8f 7f 00 00 00 00 00 00 00 00 00 00 
00 00 40 7d 8f 7f 00 00 

HOSTQUEUE <0x564fcb1106d0>: >>>>>>>> DUMP KERNEL ARGS PTR INFO <<<<<<<<<
HOSTQUEUE <0x564fcb1106d0>: ptr arg index: 1, ptr: 0x7f8fd5400000
HOSTQUEUE <0x564fcb1106d0>: origin ptr: 0x7f8fd4c00000, size byte: 536870912
HOSTQUEUE <0x564fcb1106d0>: ptr arg index: 2, ptr: 0x7f8fd5c00000
HOSTQUEUE <0x564fcb1106d0>: origin ptr: 0x7f8fd4c00000, size byte: 536870912
HOSTQUEUE <0x564fcb1106d0>: ptr arg index: 3, ptr: 0x7f8fd4c02000
HOSTQUEUE <0x564fcb1106d0>: origin ptr: 0x7f8fd4c00000, size byte: 536870912
HOSTQUEUE <0x564fcb1106d0>: ptr arg index: 4, ptr: 0x7f8fd4d00000
HOSTQUEUE <0x564fcb1106d0>: origin ptr: 0x7f8fd4c00000, size byte: 536870912
HOSTQUEUE <0x564fcb1106d0>: ptr arg index: 5, ptr: 0x7f8fd4c10000
HOSTQUEUE <0x564fcb1106d0>: origin ptr: 0x7f8fd4c00000, size byte: 536870912
HOSTQUEUE <0x564fcb1106d0>: ptr arg index: 6, ptr: 0x7f8fd4c04000
HOSTQUEUE <0x564fcb1106d0>: origin ptr: 0x7f8fd4c00000, size byte: 536870912
HOSTQUEUE <0x564fcb1106d0>: ptr arg index: 7, ptr: 0x7f8fdcc00000
HOSTQUEUE <0x564fcb1106d0>: origin ptr: 0x7f8fd4c00000, size byte: 536870912
HOSTQUEUE <0x564fcb1106d0>: ptr arg index: 8, ptr: 0x7f8fd8c00000
HOSTQUEUE <0x564fcb1106d0>: origin ptr: 0x7f8fd4c00000, size byte: 536870912
HOSTQUEUE <0x564fcb1106d0>: ptr arg index: 9, ptr: 0x7f8fd4c0a280
HOSTQUEUE <0x564fcb1106d0>: origin ptr: 0x7f8fd4c00000, size byte: 536870912
HOSTQUEUE <0x564fcb1106d0>: ptr arg index: 10, ptr: 0x7f8fd7a00000
HOSTQUEUE <0x564fcb1106d0>: origin ptr: 0x7f8fd4c00000, size byte: 536870912
HOSTQUEUE <0x564fcb1106d0>: ptr arg index: 11, ptr: 0x7f8fd7a9c2c8
HOSTQUEUE <0x564fcb1106d0>: origin ptr: 0x7f8fd4c00000, size byte: 536870912
HOSTQUEUE <0x564fcb1106d0>: ptr arg index: 12, ptr: 0x7f8f8f800000
HOSTQUEUE <0x564fcb1106d0>: origin ptr: 0x7f8f8f800000, size byte: 67108864
HOSTQUEUE <0x564fcb1106d0>: ptr arg index: 13, ptr: 0x7f8f97c00000
HOSTQUEUE <0x564fcb1106d0>: origin ptr: 0x7f8f97c00000, size byte: 134217728
HOSTQUEUE <0x564fcb1106d0>: ptr arg index: 14, ptr: 0x7f8f8b600000
HOSTQUEUE <0x564fcb1106d0>: origin ptr: 0x7f8f8b600000, size byte: 67108864
HOSTQUEUE <0x564fcb1106d0>: ptr arg index: 27, ptr: 0x7f8f77200000
HOSTQUEUE <0x564fcb1106d0>: origin ptr: 0x7f8f77200000, size byte: 13184056
HOSTQUEUE <0x564fcb1106d0>: ptr arg index: 46, ptr: 0x7f8f77200000
HOSTQUEUE <0x564fcb1106d0>: origin ptr: 0x7f8f77200000, size byte: 13184056

HOSTQUEUE <0x564fcb1106d0>: >>>>>>>> DUMP AQL 0x7f9818b8c000 PACKET WITH INDEX 2413 <<<<<<<<<
HOSTQUEUE <0x564fcb1106d0>: >>>>>>>> MATCH KERNEL COMMAND <<<<<<<<<
HOSTQUEUE <0x564fcb1106d0>: header: 0xb02
HOSTQUEUE <0x564fcb1106d0>: setup: 3
HOSTQUEUE <0x564fcb1106d0>: workgroup: x:32, y:8, z:1
HOSTQUEUE <0x564fcb1106d0>: grid: x:1024, y:8, z:1
HOSTQUEUE <0x564fcb1106d0>: group_segment_size: 36
HOSTQUEUE <0x564fcb1106d0>: private_segment_size: 1024
HOSTQUEUE <0x564fcb1106d0>: completion_signal: 0x0
HOSTQUEUE <0x564fcb1106d0>: kernel_object: 0x7f9814203a40
HOSTQUEUE <0x564fcb1106d0>: device id: 0

HOSTQUEUE <0x564fcb1106d0>: >>>>>>>> FIND MATCH KERNEL DETAILS <<<<<<<<<
HOSTQUEUE <0x564fcb1106d0>: kernel name: prepareLostFoundPairs_Stage1
HOSTQUEUE <0x564fcb1106d0>: >>>>>>>> DUMP KERNEL ARGS: size: 288 <<<<<<<<<

00 00 a0 d7 8f 7f 00 00 00 00 00 d8 8f 7f 00 00 
00 7a c0 d4 8f 7f 00 00 b2 70 02 00 00 00 00 00 
20 00 00 00 01 00 00 00 01 00 00 00 20 00 08 00 
01 00 00 00 00 00 00 00 00 00 00 00 00 00 00 00 
00 00 00 00 00 00 00 00 00 00 00 00 00 00 00 00 
00 00 00 00 00 00 00 00 00 00 00 00 00 00 00 00 
03 00 00 00 00 00 00 00 00 00 00 00 00 00 00 00 
00 00 20 77 8f 7f 00 00 00 00 00 00 00 00 00 00 
00 00 40 7d 8f 7f 00 00 00 00 00 00 00 00 00 00 
00 00 00 00 00 00 00 00 00 00 00 00 00 00 00 00 
00 00 00 00 00 00 00 00 00 00 00 00 00 00 00 00 
00 00 00 00 00 00 00 00 00 00 00 00 00 00 00 00 
00 00 00 00 00 00 00 00 00 00 00 00 00 00 00 00 
00 00 00 00 00 00 00 00 00 00 00 00 00 00 00 00 
00 00 00 00 00 00 00 00 00 c0 b8 18 98 7f 00 00 
00 00 00 00 00 00 00 00 00 00 00 00 00 00 00 00 
00 00 00 00 00 00 00 00 03 00 00 00 00 00 00 00 
00 00 00 00 00 00 00 00 00 00 20 77 8f 7f 00 00 

HOSTQUEUE <0x564fcb1106d0>: >>>>>>>> DUMP KERNEL ARGS PTR INFO <<<<<<<<<
HOSTQUEUE <0x564fcb1106d0>: ptr arg index: 0, ptr: 0x7f8fd7a00000
HOSTQUEUE <0x564fcb1106d0>: origin ptr: 0x7f8fd4c00000, size byte: 536870912
HOSTQUEUE <0x564fcb1106d0>: ptr arg index: 1, ptr: 0x7f8fd8000000
HOSTQUEUE <0x564fcb1106d0>: origin ptr: 0x7f8fd4c00000, size byte: 536870912
HOSTQUEUE <0x564fcb1106d0>: ptr arg index: 2, ptr: 0x7f8fd4c07a00
HOSTQUEUE <0x564fcb1106d0>: origin ptr: 0x7f8fd4c00000, size byte: 536870912
HOSTQUEUE <0x564fcb1106d0>: ptr arg index: 14, ptr: 0x7f8f77200000
HOSTQUEUE <0x564fcb1106d0>: origin ptr: 0x7f8f77200000, size byte: 13184056
HOSTQUEUE <0x564fcb1106d0>: ptr arg index: 35, ptr: 0x7f8f77200000
HOSTQUEUE <0x564fcb1106d0>: origin ptr: 0x7f8f77200000, size byte: 13184056

HOSTQUEUE <0x564fcb1106d0>: >>>>>>>> DUMP AQL 0x7f9818b8c000 PACKET WITH INDEX 2414 <<<<<<<<<
HOSTQUEUE <0x564fcb1106d0>: >>>>>>>> MATCH KERNEL COMMAND <<<<<<<<<
HOSTQUEUE <0x564fcb1106d0>: header: 0xb02
HOSTQUEUE <0x564fcb1106d0>: setup: 3
HOSTQUEUE <0x564fcb1106d0>: workgroup: x:32, y:8, z:1
HOSTQUEUE <0x564fcb1106d0>: grid: x:1024, y:8, z:1
HOSTQUEUE <0x564fcb1106d0>: group_segment_size: 128
HOSTQUEUE <0x564fcb1106d0>: private_segment_size: 1024
HOSTQUEUE <0x564fcb1106d0>: completion_signal: 0x0
HOSTQUEUE <0x564fcb1106d0>: kernel_object: 0x7f9814203a80
HOSTQUEUE <0x564fcb1106d0>: device id: 0

HOSTQUEUE <0x564fcb1106d0>: >>>>>>>> FIND MATCH KERNEL DETAILS <<<<<<<<<
HOSTQUEUE <0x564fcb1106d0>: kernel name: prepareLostFoundPairs_Stage2
HOSTQUEUE <0x564fcb1106d0>: >>>>>>>> DUMP KERNEL ARGS: size: 328 <<<<<<<<<

00 00 a0 d7 8f 7f 00 00 00 00 00 d8 8f 7f 00 00 
00 00 c0 d5 8f 7f 00 00 00 00 80 d7 8f 7f 00 00 
00 00 c0 d7 8f 7f 00 00 00 a6 20 b0 8f 7f 00 00 
00 7a c0 d4 8f 7f 00 00 b2 70 02 00 00 00 00 00 
00 00 80 d5 8f 7f 00 00 20 00 00 00 01 00 00 00 
01 00 00 00 20 00 08 00 01 00 00 00 00 00 00 00 
00 00 00 00 00 00 00 00 00 00 00 00 00 00 00 00 
00 00 00 00 00 00 00 00 00 00 00 00 00 00 00 00 
00 00 00 00 00 00 00 00 03 00 00 00 00 00 00 00 
00 00 00 00 00 00 00 00 00 00 20 77 8f 7f 00 00 
00 00 00 00 00 00 00 00 00 00 40 7d 8f 7f 00 00 
00 00 00 00 00 00 00 00 00 00 00 00 00 00 00 00 
00 00 00 00 00 00 00 00 00 00 00 00 00 00 00 00 
00 00 00 00 00 00 00 00 00 00 00 00 00 00 00 00 
00 00 00 00 00 00 00 00 00 00 00 00 00 00 00 00 
00 00 00 00 00 00 00 00 00 00 00 00 00 00 00 00 
00 00 00 00 00 00 00 00 00 00 00 00 00 00 00 00 
00 c0 b8 18 98 7f 00 00 00 00 00 00 00 00 00 00 
00 00 00 00 00 00 00 00 00 00 00 00 00 00 00 00 
00 00 00 00 00 00 00 00 00 00 00 00 00 00 00 00 
00 00 00 00 00 00 00 00 

HOSTQUEUE <0x564fcb1106d0>: >>>>>>>> DUMP KERNEL ARGS PTR INFO <<<<<<<<<
HOSTQUEUE <0x564fcb1106d0>: ptr arg index: 0, ptr: 0x7f8fd7a00000
HOSTQUEUE <0x564fcb1106d0>: origin ptr: 0x7f8fd4c00000, size byte: 536870912
HOSTQUEUE <0x564fcb1106d0>: ptr arg index: 1, ptr: 0x7f8fd8000000
HOSTQUEUE <0x564fcb1106d0>: origin ptr: 0x7f8fd4c00000, size byte: 536870912
HOSTQUEUE <0x564fcb1106d0>: ptr arg index: 2, ptr: 0x7f8fd5c00000
HOSTQUEUE <0x564fcb1106d0>: origin ptr: 0x7f8fd4c00000, size byte: 536870912
HOSTQUEUE <0x564fcb1106d0>: ptr arg index: 3, ptr: 0x7f8fd7800000
HOSTQUEUE <0x564fcb1106d0>: origin ptr: 0x7f8fd4c00000, size byte: 536870912
HOSTQUEUE <0x564fcb1106d0>: ptr arg index: 4, ptr: 0x7f8fd7c00000
HOSTQUEUE <0x564fcb1106d0>: origin ptr: 0x7f8fd4c00000, size byte: 536870912
HOSTQUEUE <0x564fcb1106d0>: ptr arg index: 5, ptr: 0x7f8fb020a600
HOSTQUEUE <0x564fcb1106d0>: origin ptr: 0x7f8fb0200000, size byte: 536870912
HOSTQUEUE <0x564fcb1106d0>: ptr arg index: 6, ptr: 0x7f8fd4c07a00
HOSTQUEUE <0x564fcb1106d0>: origin ptr: 0x7f8fd4c00000, size byte: 536870912
HOSTQUEUE <0x564fcb1106d0>: ptr arg index: 8, ptr: 0x7f8fd5800000
HOSTQUEUE <0x564fcb1106d0>: origin ptr: 0x7f8fd4c00000, size byte: 536870912
HOSTQUEUE <0x564fcb1106d0>: ptr arg index: 19, ptr: 0x7f8f77200000
HOSTQUEUE <0x564fcb1106d0>: origin ptr: 0x7f8f77200000, size byte: 13184056

HOSTQUEUE <0x564fcb1106d0>: >>>>>>>> DUMP AQL 0x7f9818b8c000 PACKET WITH INDEX 2415 <<<<<<<<<
HOSTQUEUE <0x564fcb1106d0>: >>>>>>>> MATCH KERNEL COMMAND <<<<<<<<<
HOSTQUEUE <0x564fcb1106d0>: header: 0xb02
HOSTQUEUE <0x564fcb1106d0>: setup: 3
HOSTQUEUE <0x564fcb1106d0>: workgroup: x:256, y:1, z:1
HOSTQUEUE <0x564fcb1106d0>: grid: x:160000, y:1, z:1
HOSTQUEUE <0x564fcb1106d0>: group_segment_size: 0
HOSTQUEUE <0x564fcb1106d0>: private_segment_size: 152
HOSTQUEUE <0x564fcb1106d0>: completion_signal: 0x0
HOSTQUEUE <0x564fcb1106d0>: kernel_object: 0x7f98166419c0
HOSTQUEUE <0x564fcb1106d0>: device id: 0

HOSTQUEUE <0x564fcb1106d0>: >>>>>>>> FIND MATCH KERNEL DETAILS <<<<<<<<<
HOSTQUEUE <0x564fcb1106d0>: kernel name: updateFrictionPatches
HOSTQUEUE <0x564fcb1106d0>: >>>>>>>> DUMP KERNEL ARGS: size: 288 <<<<<<<<<

b2 70 02 00 00 00 00 00 00 00 80 8f 8f 7f 00 00 
00 00 00 88 8f 7f 00 00 00 00 c0 d5 8f 7f 00 00 
71 02 00 00 01 00 00 00 01 00 00 00 00 01 01 00 
01 00 00 00 00 00 00 00 00 00 00 00 00 00 00 00 
00 00 00 00 00 00 00 00 00 00 00 00 00 00 00 00 
00 00 00 00 00 00 00 00 00 00 00 00 00 00 00 00 
03 00 00 00 00 00 00 00 00 00 00 00 00 00 00 00 
00 00 20 77 8f 7f 00 00 00 00 00 00 00 00 00 00 
00 00 40 7d 8f 7f 00 00 00 00 00 00 00 00 00 00 
00 00 00 00 00 00 00 00 00 00 00 00 00 00 00 00 
00 00 00 00 00 00 00 00 00 00 00 00 00 00 00 00 
00 00 00 00 00 00 00 00 00 00 00 00 00 00 00 00 
00 00 00 00 00 00 00 00 00 00 00 00 00 00 00 00 
00 00 00 00 00 00 00 00 00 00 00 00 00 00 00 00 
00 00 00 00 00 00 00 00 00 c0 b8 18 98 7f 00 00 
00 00 60 8b 8f 7f 00 00 00 00 00 04 00 00 00 08 
00 00 00 04 00 00 80 3f 24 2b 00 00 01 00 00 00 
01 00 00 00 40 00 01 00 01 00 00 00 00 00 00 00 

HOSTQUEUE <0x564fcb1106d0>: >>>>>>>> DUMP KERNEL ARGS PTR INFO <<<<<<<<<
HOSTQUEUE <0x564fcb1106d0>: ptr arg index: 1, ptr: 0x7f8f8f800000
HOSTQUEUE <0x564fcb1106d0>: origin ptr: 0x7f8f8f800000, size byte: 67108864
HOSTQUEUE <0x564fcb1106d0>: ptr arg index: 2, ptr: 0x7f8f88000000
HOSTQUEUE <0x564fcb1106d0>: origin ptr: 0x7f8f88000000, size byte: 54525952
HOSTQUEUE <0x564fcb1106d0>: ptr arg index: 3, ptr: 0x7f8fd5c00000
HOSTQUEUE <0x564fcb1106d0>: origin ptr: 0x7f8fd4c00000, size byte: 536870912
HOSTQUEUE <0x564fcb1106d0>: ptr arg index: 14, ptr: 0x7f8f77200000
HOSTQUEUE <0x564fcb1106d0>: origin ptr: 0x7f8f77200000, size byte: 13184056
HOSTQUEUE <0x564fcb1106d0>: ptr arg index: 30, ptr: 0x7f8f8b600000
HOSTQUEUE <0x564fcb1106d0>: origin ptr: 0x7f8f8b600000, size byte: 67108864

HOSTQUEUE <0x564fcb1106d0>: >>>>>>>> DUMP AQL 0x7f9818b8c000 PACKET WITH INDEX 2416 <<<<<<<<<
HOSTQUEUE <0x564fcb1106d0>: >>>>>>>> MATCH BARRIER AND COMMAND <<<<<<<<<
HOSTQUEUE <0x564fcb1106d0>: header: 0x1503
HOSTQUEUE <0x564fcb1106d0>: dep_signal[0]: 0x0
HOSTQUEUE <0x564fcb1106d0>: dep_signal[1]: 0x0
HOSTQUEUE <0x564fcb1106d0>: dep_signal[2]: 0x0
HOSTQUEUE <0x564fcb1106d0>: dep_signal[3]: 0x0
HOSTQUEUE <0x564fcb1106d0>: dep_signal[4]: 0x0
HOSTQUEUE <0x564fcb1106d0>: completion_signal: 0x7f98185fc800

HOSTQUEUE <0x564fcb1106d0>: >>>>>>>> DUMP AQL 0x7f9818b8c000 PACKET WITH INDEX 2417 <<<<<<<<<
HOSTQUEUE <0x564fcb1106d0>: >>>>>>>> MATCH BARRIER AND COMMAND <<<<<<<<<
HOSTQUEUE <0x564fcb1106d0>: header: 0x103
HOSTQUEUE <0x564fcb1106d0>: dep_signal[0]: 0x7f98185fc200
HOSTQUEUE <0x564fcb1106d0>: dep_signal[1]: 0x0
HOSTQUEUE <0x564fcb1106d0>: dep_signal[2]: 0x0
HOSTQUEUE <0x564fcb1106d0>: dep_signal[3]: 0x0
HOSTQUEUE <0x564fcb1106d0>: dep_signal[4]: 0x0
HOSTQUEUE <0x564fcb1106d0>: completion_signal: 0x0

HOSTQUEUE <0x564fcb1106d0>: >>>>>>>> DUMP AQL 0x7f9818b8c000 PACKET WITH INDEX 2418 <<<<<<<<<
HOSTQUEUE <0x564fcb1106d0>: >>>>>>>> MATCH KERNEL COMMAND <<<<<<<<<
HOSTQUEUE <0x564fcb1106d0>: header: 0x1502
HOSTQUEUE <0x564fcb1106d0>: setup: 3
HOSTQUEUE <0x564fcb1106d0>: workgroup: x:64, y:1, z:1
HOSTQUEUE <0x564fcb1106d0>: grid: x:64, y:1, z:1
HOSTQUEUE <0x564fcb1106d0>: group_segment_size: 0
HOSTQUEUE <0x564fcb1106d0>: private_segment_size: 16384
HOSTQUEUE <0x564fcb1106d0>: completion_signal: 0x0
HOSTQUEUE <0x564fcb1106d0>: kernel_object: 0x7f9816cc0f00
HOSTQUEUE <0x564fcb1106d0>: device id: 0

HOSTQUEUE <0x564fcb1106d0>: >>>>>>>> FIND MATCH KERNEL DETAILS <<<<<<<<<
HOSTQUEUE <0x564fcb1106d0>: kernel name: sphereNphase_Kernel
HOSTQUEUE <0x564fcb1106d0>: >>>>>>>> DUMP KERNEL ARGS: size: 392 <<<<<<<<<

08 00 00 00 00 00 80 3f 00 f8 db d4 8f 7f 00 00 
00 b0 2c 4e 8f 7f 00 00 00 20 c0 d4 8f 7f 00 00 
00 00 d0 d4 8f 7f 00 00 00 00 c1 d4 8f 7f 00 00 
00 40 c0 d4 8f 7f 00 00 00 00 c0 dc 8f 7f 00 00 
00 00 c0 d8 8f 7f 00 00 80 a2 c0 d4 8f 7f 00 00 
00 f0 db d4 8f 7f 00 00 20 f0 db d4 8f 7f 00 00 
00 00 80 8f 8f 7f 00 00 00 00 c0 97 8f 7f 00 00 
00 00 60 8b 8f 7f 00 00 00 00 00 04 00 00 00 08 
00 00 00 04 00 00 00 00 01 00 00 00 01 00 00 00 
01 00 00 00 40 00 01 00 01 00 00 00 00 00 00 00 
00 00 00 00 00 00 00 00 00 00 00 00 00 00 00 00 
00 00 00 00 00 00 00 00 00 00 00 00 00 00 00 00 
00 00 00 00 00 00 00 00 03 00 00 00 00 00 00 00 
00 00 00 00 00 00 00 00 00 00 20 77 8f 7f 00 00 
00 00 00 00 00 00 00 00 00 00 40 7d 8f 7f 00 00 
00 00 00 00 00 00 00 00 00 00 00 00 00 00 00 00 
00 00 00 00 00 00 00 00 00 00 00 00 00 00 00 00 
00 00 00 00 00 00 00 00 00 00 00 00 00 00 00 00 
00 00 00 00 00 00 00 00 00 00 00 00 00 00 00 00 
00 00 00 00 00 00 00 00 00 00 00 00 00 00 00 00 
00 00 00 00 00 00 00 00 00 00 00 00 00 00 00 00 
00 c0 b8 18 98 7f 00 00 00 00 00 00 00 00 00 00 
03 00 00 00 00 00 00 00 00 00 00 00 00 00 00 00 
00 00 20 77 8f 7f 00 00 00 00 00 00 00 00 00 00 
00 00 40 7d 8f 7f 00 00 

HOSTQUEUE <0x564fcb1106d0>: >>>>>>>> DUMP KERNEL ARGS PTR INFO <<<<<<<<<
HOSTQUEUE <0x564fcb1106d0>: ptr arg index: 1, ptr: 0x7f8fd4dbf800
HOSTQUEUE <0x564fcb1106d0>: origin ptr: 0x7f8fd4c00000, size byte: 536870912
HOSTQUEUE <0x564fcb1106d0>: ptr arg index: 2, ptr: 0x7f8f4e2cb000
HOSTQUEUE <0x564fcb1106d0>: origin ptr: 0x7f8f4ca00000, size byte: 536870912
HOSTQUEUE <0x564fcb1106d0>: ptr arg index: 3, ptr: 0x7f8fd4c02000
HOSTQUEUE <0x564fcb1106d0>: origin ptr: 0x7f8fd4c00000, size byte: 536870912
HOSTQUEUE <0x564fcb1106d0>: ptr arg index: 4, ptr: 0x7f8fd4d00000
HOSTQUEUE <0x564fcb1106d0>: origin ptr: 0x7f8fd4c00000, size byte: 536870912
HOSTQUEUE <0x564fcb1106d0>: ptr arg index: 5, ptr: 0x7f8fd4c10000
HOSTQUEUE <0x564fcb1106d0>: origin ptr: 0x7f8fd4c00000, size byte: 536870912
HOSTQUEUE <0x564fcb1106d0>: ptr arg index: 6, ptr: 0x7f8fd4c04000
HOSTQUEUE <0x564fcb1106d0>: origin ptr: 0x7f8fd4c00000, size byte: 536870912
HOSTQUEUE <0x564fcb1106d0>: ptr arg index: 7, ptr: 0x7f8fdcc00000
HOSTQUEUE <0x564fcb1106d0>: origin ptr: 0x7f8fd4c00000, size byte: 536870912
HOSTQUEUE <0x564fcb1106d0>: ptr arg index: 8, ptr: 0x7f8fd8c00000
HOSTQUEUE <0x564fcb1106d0>: origin ptr: 0x7f8fd4c00000, size byte: 536870912
HOSTQUEUE <0x564fcb1106d0>: ptr arg index: 9, ptr: 0x7f8fd4c0a280
HOSTQUEUE <0x564fcb1106d0>: origin ptr: 0x7f8fd4c00000, size byte: 536870912
HOSTQUEUE <0x564fcb1106d0>: ptr arg index: 10, ptr: 0x7f8fd4dbf000
HOSTQUEUE <0x564fcb1106d0>: origin ptr: 0x7f8fd4c00000, size byte: 536870912
HOSTQUEUE <0x564fcb1106d0>: ptr arg index: 11, ptr: 0x7f8fd4dbf020
HOSTQUEUE <0x564fcb1106d0>: origin ptr: 0x7f8fd4c00000, size byte: 536870912
HOSTQUEUE <0x564fcb1106d0>: ptr arg index: 12, ptr: 0x7f8f8f800000
HOSTQUEUE <0x564fcb1106d0>: origin ptr: 0x7f8f8f800000, size byte: 67108864
HOSTQUEUE <0x564fcb1106d0>: ptr arg index: 13, ptr: 0x7f8f97c00000
HOSTQUEUE <0x564fcb1106d0>: origin ptr: 0x7f8f97c00000, size byte: 134217728
HOSTQUEUE <0x564fcb1106d0>: ptr arg index: 14, ptr: 0x7f8f8b600000
HOSTQUEUE <0x564fcb1106d0>: origin ptr: 0x7f8f8b600000, size byte: 67108864
HOSTQUEUE <0x564fcb1106d0>: ptr arg index: 27, ptr: 0x7f8f77200000
HOSTQUEUE <0x564fcb1106d0>: origin ptr: 0x7f8f77200000, size byte: 13184056
HOSTQUEUE <0x564fcb1106d0>: ptr arg index: 46, ptr: 0x7f8f77200000
HOSTQUEUE <0x564fcb1106d0>: origin ptr: 0x7f8f77200000, size byte: 13184056

HOSTQUEUE <0x564fcb1106d0>: >>>>>>>> DUMP AQL 0x7f9818b8c000 PACKET WITH INDEX 2419 <<<<<<<<<
HOSTQUEUE <0x564fcb1106d0>: >>>>>>>> MATCH KERNEL COMMAND <<<<<<<<<
HOSTQUEUE <0x564fcb1106d0>: header: 0xb02
HOSTQUEUE <0x564fcb1106d0>: setup: 3
HOSTQUEUE <0x564fcb1106d0>: workgroup: x:32, y:8, z:1
HOSTQUEUE <0x564fcb1106d0>: grid: x:1024, y:8, z:1
HOSTQUEUE <0x564fcb1106d0>: group_segment_size: 36
HOSTQUEUE <0x564fcb1106d0>: private_segment_size: 1024
HOSTQUEUE <0x564fcb1106d0>: completion_signal: 0x0
HOSTQUEUE <0x564fcb1106d0>: kernel_object: 0x7f9814203a40
HOSTQUEUE <0x564fcb1106d0>: device id: 0

HOSTQUEUE <0x564fcb1106d0>: >>>>>>>> FIND MATCH KERNEL DETAILS <<<<<<<<<
HOSTQUEUE <0x564fcb1106d0>: kernel name: prepareLostFoundPairs_Stage1
HOSTQUEUE <0x564fcb1106d0>: >>>>>>>> DUMP KERNEL ARGS: size: 288 <<<<<<<<<

00 f0 db d4 8f 7f 00 00 00 f2 db d4 8f 7f 00 00 
80 79 c0 d4 8f 7f 00 00 08 00 00 00 00 00 00 00 
20 00 00 00 01 00 00 00 01 00 00 00 20 00 08 00 
01 00 00 00 00 00 00 00 00 00 00 00 00 00 00 00 
00 00 00 00 00 00 00 00 00 00 00 00 00 00 00 00 
00 00 00 00 00 00 00 00 00 00 00 00 00 00 00 00 
03 00 00 00 00 00 00 00 00 00 00 00 00 00 00 00 
00 00 20 77 8f 7f 00 00 00 00 00 00 00 00 00 00 
00 00 40 7d 8f 7f 00 00 00 00 00 00 00 00 00 00 
00 00 00 00 00 00 00 00 00 00 00 00 00 00 00 00 
00 00 00 00 00 00 00 00 00 00 00 00 00 00 00 00 
00 00 00 00 00 00 00 00 00 00 00 00 00 00 00 00 
00 00 00 00 00 00 00 00 00 00 00 00 00 00 00 00 
00 00 00 00 00 00 00 00 00 00 00 00 00 00 00 00 
00 00 00 00 00 00 00 00 00 c0 b8 18 98 7f 00 00 
00 00 00 00 00 00 00 00 00 00 00 00 00 00 00 00 
00 00 00 00 00 00 00 00 03 00 00 00 00 00 00 00 
00 00 00 00 00 00 00 00 00 00 20 77 8f 7f 00 00 

HOSTQUEUE <0x564fcb1106d0>: >>>>>>>> DUMP KERNEL ARGS PTR INFO <<<<<<<<<
HOSTQUEUE <0x564fcb1106d0>: ptr arg index: 0, ptr: 0x7f8fd4dbf000
HOSTQUEUE <0x564fcb1106d0>: origin ptr: 0x7f8fd4c00000, size byte: 536870912
HOSTQUEUE <0x564fcb1106d0>: ptr arg index: 1, ptr: 0x7f8fd4dbf200
HOSTQUEUE <0x564fcb1106d0>: origin ptr: 0x7f8fd4c00000, size byte: 536870912
HOSTQUEUE <0x564fcb1106d0>: ptr arg index: 2, ptr: 0x7f8fd4c07980
HOSTQUEUE <0x564fcb1106d0>: origin ptr: 0x7f8fd4c00000, size byte: 536870912
HOSTQUEUE <0x564fcb1106d0>: ptr arg index: 14, ptr: 0x7f8f77200000
HOSTQUEUE <0x564fcb1106d0>: origin ptr: 0x7f8f77200000, size byte: 13184056
HOSTQUEUE <0x564fcb1106d0>: ptr arg index: 35, ptr: 0x7f8f77200000
HOSTQUEUE <0x564fcb1106d0>: origin ptr: 0x7f8f77200000, size byte: 13184056

HOSTQUEUE <0x564fcb1106d0>: >>>>>>>> DUMP AQL 0x7f9818b8c000 PACKET WITH INDEX 2420 <<<<<<<<<
HOSTQUEUE <0x564fcb1106d0>: >>>>>>>> MATCH KERNEL COMMAND <<<<<<<<<
HOSTQUEUE <0x564fcb1106d0>: header: 0xb02
HOSTQUEUE <0x564fcb1106d0>: setup: 3
HOSTQUEUE <0x564fcb1106d0>: workgroup: x:32, y:8, z:1
HOSTQUEUE <0x564fcb1106d0>: grid: x:1024, y:8, z:1
HOSTQUEUE <0x564fcb1106d0>: group_segment_size: 128
HOSTQUEUE <0x564fcb1106d0>: private_segment_size: 1024
HOSTQUEUE <0x564fcb1106d0>: completion_signal: 0x0
HOSTQUEUE <0x564fcb1106d0>: kernel_object: 0x7f9814203a80
HOSTQUEUE <0x564fcb1106d0>: device id: 0

HOSTQUEUE <0x564fcb1106d0>: >>>>>>>> FIND MATCH KERNEL DETAILS <<<<<<<<<
HOSTQUEUE <0x564fcb1106d0>: kernel name: prepareLostFoundPairs_Stage2
HOSTQUEUE <0x564fcb1106d0>: >>>>>>>> DUMP KERNEL ARGS: size: 328 <<<<<<<<<

00 f0 db d4 8f 7f 00 00 00 f2 db d4 8f 7f 00 00 
00 b0 2c 4e 8f 7f 00 00 00 ba c0 d4 8f 7f 00 00 
00 bc c0 d4 8f 7f 00 00 00 a5 20 b0 8f 7f 00 00 
80 79 c0 d4 8f 7f 00 00 08 00 00 00 00 00 00 00 
00 c6 2a d5 8f 7f 00 00 20 00 00 00 01 00 00 00 
01 00 00 00 20 00 08 00 01 00 00 00 00 00 00 00 
00 00 00 00 00 00 00 00 00 00 00 00 00 00 00 00 
00 00 00 00 00 00 00 00 00 00 00 00 00 00 00 00 
00 00 00 00 00 00 00 00 03 00 00 00 00 00 00 00 
00 00 00 00 00 00 00 00 00 00 20 77 8f 7f 00 00 
00 00 00 00 00 00 00 00 00 00 40 7d 8f 7f 00 00 
00 00 00 00 00 00 00 00 00 00 00 00 00 00 00 00 
00 00 00 00 00 00 00 00 00 00 00 00 00 00 00 00 
00 00 00 00 00 00 00 00 00 00 00 00 00 00 00 00 
00 00 00 00 00 00 00 00 00 00 00 00 00 00 00 00 
00 00 00 00 00 00 00 00 00 00 00 00 00 00 00 00 
00 00 00 00 00 00 00 00 00 00 00 00 00 00 00 00 
00 c0 b8 18 98 7f 00 00 00 00 00 00 00 00 00 00 
00 00 00 00 00 00 00 00 00 00 00 00 00 00 00 00 
00 00 00 00 00 00 00 00 00 00 00 00 00 00 00 00 
00 00 00 00 00 00 00 00 

HOSTQUEUE <0x564fcb1106d0>: >>>>>>>> DUMP KERNEL ARGS PTR INFO <<<<<<<<<
HOSTQUEUE <0x564fcb1106d0>: ptr arg index: 0, ptr: 0x7f8fd4dbf000
HOSTQUEUE <0x564fcb1106d0>: origin ptr: 0x7f8fd4c00000, size byte: 536870912
HOSTQUEUE <0x564fcb1106d0>: ptr arg index: 1, ptr: 0x7f8fd4dbf200
HOSTQUEUE <0x564fcb1106d0>: origin ptr: 0x7f8fd4c00000, size byte: 536870912
HOSTQUEUE <0x564fcb1106d0>: ptr arg index: 2, ptr: 0x7f8f4e2cb000
HOSTQUEUE <0x564fcb1106d0>: origin ptr: 0x7f8f4ca00000, size byte: 536870912
HOSTQUEUE <0x564fcb1106d0>: ptr arg index: 3, ptr: 0x7f8fd4c0ba00
HOSTQUEUE <0x564fcb1106d0>: origin ptr: 0x7f8fd4c00000, size byte: 536870912
HOSTQUEUE <0x564fcb1106d0>: ptr arg index: 4, ptr: 0x7f8fd4c0bc00
HOSTQUEUE <0x564fcb1106d0>: origin ptr: 0x7f8fd4c00000, size byte: 536870912
HOSTQUEUE <0x564fcb1106d0>: ptr arg index: 5, ptr: 0x7f8fb020a500
HOSTQUEUE <0x564fcb1106d0>: origin ptr: 0x7f8fb0200000, size byte: 536870912
HOSTQUEUE <0x564fcb1106d0>: ptr arg index: 6, ptr: 0x7f8fd4c07980
HOSTQUEUE <0x564fcb1106d0>: origin ptr: 0x7f8fd4c00000, size byte: 536870912
HOSTQUEUE <0x564fcb1106d0>: ptr arg index: 8, ptr: 0x7f8fd52ac600
HOSTQUEUE <0x564fcb1106d0>: origin ptr: 0x7f8fd4c00000, size byte: 536870912
HOSTQUEUE <0x564fcb1106d0>: ptr arg index: 19, ptr: 0x7f8f77200000
HOSTQUEUE <0x564fcb1106d0>: origin ptr: 0x7f8f77200000, size byte: 13184056

HOSTQUEUE <0x564fcb1106d0>: >>>>>>>> DUMP AQL 0x7f9818b8c000 PACKET WITH INDEX 2421 <<<<<<<<<
HOSTQUEUE <0x564fcb1106d0>: >>>>>>>> MATCH KERNEL COMMAND <<<<<<<<<
HOSTQUEUE <0x564fcb1106d0>: header: 0xb02
HOSTQUEUE <0x564fcb1106d0>: setup: 3
HOSTQUEUE <0x564fcb1106d0>: workgroup: x:256, y:1, z:1
HOSTQUEUE <0x564fcb1106d0>: grid: x:256, y:1, z:1
HOSTQUEUE <0x564fcb1106d0>: group_segment_size: 0
HOSTQUEUE <0x564fcb1106d0>: private_segment_size: 152
HOSTQUEUE <0x564fcb1106d0>: completion_signal: 0x0
HOSTQUEUE <0x564fcb1106d0>: kernel_object: 0x7f98166419c0
HOSTQUEUE <0x564fcb1106d0>: device id: 0

HOSTQUEUE <0x564fcb1106d0>: >>>>>>>> FIND MATCH KERNEL DETAILS <<<<<<<<<
HOSTQUEUE <0x564fcb1106d0>: kernel name: updateFrictionPatches
HOSTQUEUE <0x564fcb1106d0>: >>>>>>>> DUMP KERNEL ARGS: size: 288 <<<<<<<<<

08 00 00 00 00 00 00 00 00 00 80 8f 8f 7f 00 00 
00 00 00 88 8f 7f 00 00 00 b0 2c 4e 8f 7f 00 00 
01 00 00 00 01 00 00 00 01 00 00 00 00 01 01 00 
01 00 00 00 00 00 00 00 00 00 00 00 00 00 00 00 
00 00 00 00 00 00 00 00 00 00 00 00 00 00 00 00 
00 00 00 00 00 00 00 00 00 00 00 00 00 00 00 00 
03 00 00 00 00 00 00 00 00 00 00 00 00 00 00 00 
00 00 20 77 8f 7f 00 00 00 00 00 00 00 00 00 00 
00 00 40 7d 8f 7f 00 00 00 00 00 00 00 00 00 00 
00 00 00 00 00 00 00 00 00 00 00 00 00 00 00 00 
00 00 00 00 00 00 00 00 00 00 00 00 00 00 00 00 
00 00 00 00 00 00 00 00 00 00 00 00 00 00 00 00 
00 00 00 00 00 00 00 00 00 00 00 00 00 00 00 00 
00 00 00 00 00 00 00 00 00 00 00 00 00 00 00 00 
00 00 00 00 00 00 00 00 00 c0 b8 18 98 7f 00 00 
00 00 00 00 00 00 00 00 00 00 00 00 00 00 00 00 
00 00 00 00 00 00 00 00 00 00 00 00 00 00 00 00 
00 00 00 00 00 00 00 00 00 00 00 00 00 00 00 00 

HOSTQUEUE <0x564fcb1106d0>: >>>>>>>> DUMP KERNEL ARGS PTR INFO <<<<<<<<<
HOSTQUEUE <0x564fcb1106d0>: ptr arg index: 1, ptr: 0x7f8f8f800000
HOSTQUEUE <0x564fcb1106d0>: origin ptr: 0x7f8f8f800000, size byte: 67108864
HOSTQUEUE <0x564fcb1106d0>: ptr arg index: 2, ptr: 0x7f8f88000000
HOSTQUEUE <0x564fcb1106d0>: origin ptr: 0x7f8f88000000, size byte: 54525952
HOSTQUEUE <0x564fcb1106d0>: ptr arg index: 3, ptr: 0x7f8f4e2cb000
HOSTQUEUE <0x564fcb1106d0>: origin ptr: 0x7f8f4ca00000, size byte: 536870912
HOSTQUEUE <0x564fcb1106d0>: ptr arg index: 14, ptr: 0x7f8f77200000
HOSTQUEUE <0x564fcb1106d0>: origin ptr: 0x7f8f77200000, size byte: 13184056

HOSTQUEUE <0x564fcb1106d0>: >>>>>>>> DUMP AQL 0x7f9818b8c000 PACKET WITH INDEX 2422 <<<<<<<<<
HOSTQUEUE <0x564fcb1106d0>: >>>>>>>> MATCH KERNEL COMMAND <<<<<<<<<
HOSTQUEUE <0x564fcb1106d0>: header: 0xb02
HOSTQUEUE <0x564fcb1106d0>: setup: 3
HOSTQUEUE <0x564fcb1106d0>: workgroup: x:64, y:1, z:1
HOSTQUEUE <0x564fcb1106d0>: grid: x:1664, y:1, z:1
HOSTQUEUE <0x564fcb1106d0>: group_segment_size: 3840
HOSTQUEUE <0x564fcb1106d0>: private_segment_size: 16384
HOSTQUEUE <0x564fcb1106d0>: completion_signal: 0x0
HOSTQUEUE <0x564fcb1106d0>: kernel_object: 0x7f9816780f00
HOSTQUEUE <0x564fcb1106d0>: device id: 0

HOSTQUEUE <0x564fcb1106d0>: >>>>>>>> FIND MATCH KERNEL DETAILS <<<<<<<<<
HOSTQUEUE <0x564fcb1106d0>: kernel name: boxBoxNphase_Kernel
HOSTQUEUE <0x564fcb1106d0>: >>>>>>>> DUMP KERNEL ARGS: size: 392 <<<<<<<<<

94 01 00 00 00 00 00 00 00 40 2a 4e 8f 7f 00 00 
00 00 2b 4e 8f 7f 00 00 00 20 c0 d4 8f 7f 00 00 
00 00 d0 d4 8f 7f 00 00 00 00 c1 d4 8f 7f 00 00 
00 40 c0 d4 8f 7f 00 00 00 00 c0 dc 8f 7f 00 00 
00 00 c0 d8 8f 7f 00 00 80 a2 c0 d4 8f 7f 00 00 
00 00 40 d7 8f 7f 00 00 50 06 40 d7 8f 7f 00 00 
00 00 80 8f 8f 7f 00 00 00 00 c0 97 8f 7f 00 00 
00 00 60 8b 8f 7f 00 00 00 00 00 04 00 00 00 08 
00 00 00 04 00 00 80 3f 1a 00 00 00 01 00 00 00 
01 00 00 00 40 00 01 00 01 00 00 00 00 00 00 00 
00 00 00 00 00 00 00 00 00 00 00 00 00 00 00 00 
00 00 00 00 00 00 00 00 00 00 00 00 00 00 00 00 
00 00 00 00 00 00 00 00 03 00 00 00 00 00 00 00 
00 00 00 00 00 00 00 00 00 00 20 77 8f 7f 00 00 
00 00 00 00 00 00 00 00 00 00 40 7d 8f 7f 00 00 
00 00 00 00 00 00 00 00 00 00 00 00 00 00 00 00 
00 00 00 00 00 00 00 00 00 00 00 00 00 00 00 00 
00 00 00 00 00 00 00 00 00 00 00 00 00 00 00 00 
00 00 00 00 00 00 00 00 00 00 00 00 00 00 00 00 
00 00 00 00 00 00 00 00 00 00 00 00 00 00 00 00 
00 00 00 00 00 00 00 00 00 00 00 00 00 00 00 00 
00 c0 b8 18 98 7f 00 00 00 00 00 00 00 00 00 00 
00 00 00 00 00 00 00 00 00 00 00 00 00 00 00 00 
00 00 00 00 00 00 00 00 00 00 00 00 00 00 00 00 
00 00 00 00 00 00 00 00 

HOSTQUEUE <0x564fcb1106d0>: >>>>>>>> DUMP KERNEL ARGS PTR INFO <<<<<<<<<
HOSTQUEUE <0x564fcb1106d0>: ptr arg index: 1, ptr: 0x7f8f4e2a4000
HOSTQUEUE <0x564fcb1106d0>: origin ptr: 0x7f8f4ca00000, size byte: 536870912
HOSTQUEUE <0x564fcb1106d0>: ptr arg index: 2, ptr: 0x7f8f4e2b0000
HOSTQUEUE <0x564fcb1106d0>: origin ptr: 0x7f8f4ca00000, size byte: 536870912
HOSTQUEUE <0x564fcb1106d0>: ptr arg index: 3, ptr: 0x7f8fd4c02000
HOSTQUEUE <0x564fcb1106d0>: origin ptr: 0x7f8fd4c00000, size byte: 536870912
HOSTQUEUE <0x564fcb1106d0>: ptr arg index: 4, ptr: 0x7f8fd4d00000
HOSTQUEUE <0x564fcb1106d0>: origin ptr: 0x7f8fd4c00000, size byte: 536870912
HOSTQUEUE <0x564fcb1106d0>: ptr arg index: 5, ptr: 0x7f8fd4c10000
HOSTQUEUE <0x564fcb1106d0>: origin ptr: 0x7f8fd4c00000, size byte: 536870912
HOSTQUEUE <0x564fcb1106d0>: ptr arg index: 6, ptr: 0x7f8fd4c04000
HOSTQUEUE <0x564fcb1106d0>: origin ptr: 0x7f8fd4c00000, size byte: 536870912
HOSTQUEUE <0x564fcb1106d0>: ptr arg index: 7, ptr: 0x7f8fdcc00000
HOSTQUEUE <0x564fcb1106d0>: origin ptr: 0x7f8fd4c00000, size byte: 536870912
HOSTQUEUE <0x564fcb1106d0>: ptr arg index: 8, ptr: 0x7f8fd8c00000
HOSTQUEUE <0x564fcb1106d0>: origin ptr: 0x7f8fd4c00000, size byte: 536870912
HOSTQUEUE <0x564fcb1106d0>: ptr arg index: 9, ptr: 0x7f8fd4c0a280
HOSTQUEUE <0x564fcb1106d0>: origin ptr: 0x7f8fd4c00000, size byte: 536870912
HOSTQUEUE <0x564fcb1106d0>: ptr arg index: 10, ptr: 0x7f8fd7400000
HOSTQUEUE <0x564fcb1106d0>: origin ptr: 0x7f8fd4c00000, size byte: 536870912
HOSTQUEUE <0x564fcb1106d0>: ptr arg index: 11, ptr: 0x7f8fd7400650
HOSTQUEUE <0x564fcb1106d0>: origin ptr: 0x7f8fd4c00000, size byte: 536870912
HOSTQUEUE <0x564fcb1106d0>: ptr arg index: 12, ptr: 0x7f8f8f800000
HOSTQUEUE <0x564fcb1106d0>: origin ptr: 0x7f8f8f800000, size byte: 67108864
HOSTQUEUE <0x564fcb1106d0>: ptr arg index: 13, ptr: 0x7f8f97c00000
HOSTQUEUE <0x564fcb1106d0>: origin ptr: 0x7f8f97c00000, size byte: 134217728
HOSTQUEUE <0x564fcb1106d0>: ptr arg index: 14, ptr: 0x7f8f8b600000
HOSTQUEUE <0x564fcb1106d0>: origin ptr: 0x7f8f8b600000, size byte: 67108864
HOSTQUEUE <0x564fcb1106d0>: ptr arg index: 27, ptr: 0x7f8f77200000
HOSTQUEUE <0x564fcb1106d0>: origin ptr: 0x7f8f77200000, size byte: 13184056

HOSTQUEUE <0x564fcb1106d0>: >>>>>>>> DUMP AQL 0x7f9818b8c000 PACKET WITH INDEX 2423 <<<<<<<<<
HOSTQUEUE <0x564fcb1106d0>: >>>>>>>> MATCH KERNEL COMMAND <<<<<<<<<
HOSTQUEUE <0x564fcb1106d0>: header: 0xb02
HOSTQUEUE <0x564fcb1106d0>: setup: 3
HOSTQUEUE <0x564fcb1106d0>: workgroup: x:32, y:8, z:1
HOSTQUEUE <0x564fcb1106d0>: grid: x:1024, y:8, z:1
HOSTQUEUE <0x564fcb1106d0>: group_segment_size: 36
HOSTQUEUE <0x564fcb1106d0>: private_segment_size: 1024
HOSTQUEUE <0x564fcb1106d0>: completion_signal: 0x0
HOSTQUEUE <0x564fcb1106d0>: kernel_object: 0x7f9814203a40
HOSTQUEUE <0x564fcb1106d0>: device id: 0

HOSTQUEUE <0x564fcb1106d0>: >>>>>>>> FIND MATCH KERNEL DETAILS <<<<<<<<<
HOSTQUEUE <0x564fcb1106d0>: kernel name: prepareLostFoundPairs_Stage1
HOSTQUEUE <0x564fcb1106d0>: >>>>>>>> DUMP KERNEL ARGS: size: 288 <<<<<<<<<

00 00 40 d7 8f 7f 00 00 00 00 60 d7 8f 7f 00 00 
80 7a c0 d4 8f 7f 00 00 94 01 00 00 00 00 00 00 
20 00 00 00 01 00 00 00 01 00 00 00 20 00 08 00 
01 00 00 00 00 00 00 00 00 00 00 00 00 00 00 00 
00 00 00 00 00 00 00 00 00 00 00 00 00 00 00 00 
00 00 00 00 00 00 00 00 00 00 00 00 00 00 00 00 
03 00 00 00 00 00 00 00 00 00 00 00 00 00 00 00 
00 00 20 77 8f 7f 00 00 00 00 00 00 00 00 00 00 
00 00 40 7d 8f 7f 00 00 00 00 00 00 00 00 00 00 
00 00 00 00 00 00 00 00 00 00 00 00 00 00 00 00 
00 00 00 00 00 00 00 00 00 00 00 00 00 00 00 00 
00 00 00 00 00 00 00 00 00 00 00 00 00 00 00 00 
00 00 00 00 00 00 00 00 00 00 00 00 00 00 00 00 
00 00 00 00 00 00 00 00 00 00 00 00 00 00 00 00 
00 00 00 00 00 00 00 00 00 c0 b8 18 98 7f 00 00 
00 00 00 00 00 00 00 00 00 00 00 00 00 00 00 00 
00 00 00 00 00 00 00 00 00 00 00 00 00 00 00 00 
00 00 00 00 00 00 00 00 00 00 00 00 00 00 00 00 

HOSTQUEUE <0x564fcb1106d0>: >>>>>>>> DUMP KERNEL ARGS PTR INFO <<<<<<<<<
HOSTQUEUE <0x564fcb1106d0>: ptr arg index: 0, ptr: 0x7f8fd7400000
HOSTQUEUE <0x564fcb1106d0>: origin ptr: 0x7f8fd4c00000, size byte: 536870912
HOSTQUEUE <0x564fcb1106d0>: ptr arg index: 1, ptr: 0x7f8fd7600000
HOSTQUEUE <0x564fcb1106d0>: origin ptr: 0x7f8fd4c00000, size byte: 536870912
HOSTQUEUE <0x564fcb1106d0>: ptr arg index: 2, ptr: 0x7f8fd4c07a80
HOSTQUEUE <0x564fcb1106d0>: origin ptr: 0x7f8fd4c00000, size byte: 536870912
HOSTQUEUE <0x564fcb1106d0>: ptr arg index: 14, ptr: 0x7f8f77200000
HOSTQUEUE <0x564fcb1106d0>: origin ptr: 0x7f8f77200000, size byte: 13184056

HOSTQUEUE <0x564fcb1106d0>: >>>>>>>> DUMP AQL 0x7f9818b8c000 PACKET WITH INDEX 2424 <<<<<<<<<
HOSTQUEUE <0x564fcb1106d0>: >>>>>>>> MATCH KERNEL COMMAND <<<<<<<<<
HOSTQUEUE <0x564fcb1106d0>: header: 0xb02
HOSTQUEUE <0x564fcb1106d0>: setup: 3
HOSTQUEUE <0x564fcb1106d0>: workgroup: x:32, y:8, z:1
HOSTQUEUE <0x564fcb1106d0>: grid: x:1024, y:8, z:1
HOSTQUEUE <0x564fcb1106d0>: group_segment_size: 128
HOSTQUEUE <0x564fcb1106d0>: private_segment_size: 1024
HOSTQUEUE <0x564fcb1106d0>: completion_signal: 0x0
HOSTQUEUE <0x564fcb1106d0>: kernel_object: 0x7f9814203a80
HOSTQUEUE <0x564fcb1106d0>: device id: 0

HOSTQUEUE <0x564fcb1106d0>: >>>>>>>> FIND MATCH KERNEL DETAILS <<<<<<<<<
HOSTQUEUE <0x564fcb1106d0>: kernel name: prepareLostFoundPairs_Stage2
HOSTQUEUE <0x564fcb1106d0>: >>>>>>>> DUMP KERNEL ARGS: size: 328 <<<<<<<<<

00 00 40 d7 8f 7f 00 00 00 00 60 d7 8f 7f 00 00 
00 00 2b 4e 8f 7f 00 00 00 00 e0 d6 8f 7f 00 00 
00 00 00 d7 8f 7f 00 00 80 a6 20 b0 8f 7f 00 00 
80 7a c0 d4 8f 7f 00 00 94 01 00 00 00 00 00 00 
00 80 2a 4e 8f 7f 00 00 20 00 00 00 01 00 00 00 
01 00 00 00 20 00 08 00 01 00 00 00 00 00 00 00 
00 00 00 00 00 00 00 00 00 00 00 00 00 00 00 00 
00 00 00 00 00 00 00 00 00 00 00 00 00 00 00 00 
00 00 00 00 00 00 00 00 03 00 00 00 00 00 00 00 
00 00 00 00 00 00 00 00 00 00 20 77 8f 7f 00 00 
00 00 00 00 00 00 00 00 00 00 40 7d 8f 7f 00 00 
00 00 00 00 00 00 00 00 00 00 00 00 00 00 00 00 
00 00 00 00 00 00 00 00 00 00 00 00 00 00 00 00 
00 00 00 00 00 00 00 00 00 00 00 00 00 00 00 00 
00 00 00 00 00 00 00 00 00 00 00 00 00 00 00 00 
00 00 00 00 00 00 00 00 00 00 00 00 00 00 00 00 
00 00 00 00 00 00 00 00 00 00 00 00 00 00 00 00 
00 c0 b8 18 98 7f 00 00 00 00 00 00 00 00 00 00 
00 00 00 00 00 00 00 00 00 00 00 00 00 00 00 00 
00 00 00 00 00 00 00 00 00 00 00 00 00 00 00 00 
00 00 00 00 00 00 00 00 

HOSTQUEUE <0x564fcb1106d0>: >>>>>>>> DUMP KERNEL ARGS PTR INFO <<<<<<<<<
HOSTQUEUE <0x564fcb1106d0>: ptr arg index: 0, ptr: 0x7f8fd7400000
HOSTQUEUE <0x564fcb1106d0>: origin ptr: 0x7f8fd4c00000, size byte: 536870912
HOSTQUEUE <0x564fcb1106d0>: ptr arg index: 1, ptr: 0x7f8fd7600000
HOSTQUEUE <0x564fcb1106d0>: origin ptr: 0x7f8fd4c00000, size byte: 536870912
HOSTQUEUE <0x564fcb1106d0>: ptr arg index: 2, ptr: 0x7f8f4e2b0000
HOSTQUEUE <0x564fcb1106d0>: origin ptr: 0x7f8f4ca00000, size byte: 536870912
HOSTQUEUE <0x564fcb1106d0>: ptr arg index: 3, ptr: 0x7f8fd6e00000
HOSTQUEUE <0x564fcb1106d0>: origin ptr: 0x7f8fd4c00000, size byte: 536870912
HOSTQUEUE <0x564fcb1106d0>: ptr arg index: 4, ptr: 0x7f8fd7000000
HOSTQUEUE <0x564fcb1106d0>: origin ptr: 0x7f8fd4c00000, size byte: 536870912
HOSTQUEUE <0x564fcb1106d0>: ptr arg index: 5, ptr: 0x7f8fb020a680
HOSTQUEUE <0x564fcb1106d0>: origin ptr: 0x7f8fb0200000, size byte: 536870912
HOSTQUEUE <0x564fcb1106d0>: ptr arg index: 6, ptr: 0x7f8fd4c07a80
HOSTQUEUE <0x564fcb1106d0>: origin ptr: 0x7f8fd4c00000, size byte: 536870912
HOSTQUEUE <0x564fcb1106d0>: ptr arg index: 8, ptr: 0x7f8f4e2a8000
HOSTQUEUE <0x564fcb1106d0>: origin ptr: 0x7f8f4ca00000, size byte: 536870912
HOSTQUEUE <0x564fcb1106d0>: ptr arg index: 19, ptr: 0x7f8f77200000
HOSTQUEUE <0x564fcb1106d0>: origin ptr: 0x7f8f77200000, size byte: 13184056

HOSTQUEUE <0x564fcb1106d0>: >>>>>>>> DUMP AQL 0x7f9818b8c000 PACKET WITH INDEX 2425 <<<<<<<<<
HOSTQUEUE <0x564fcb1106d0>: >>>>>>>> MATCH KERNEL COMMAND <<<<<<<<<
HOSTQUEUE <0x564fcb1106d0>: header: 0xb02
HOSTQUEUE <0x564fcb1106d0>: setup: 3
HOSTQUEUE <0x564fcb1106d0>: workgroup: x:256, y:1, z:1
HOSTQUEUE <0x564fcb1106d0>: grid: x:512, y:1, z:1
HOSTQUEUE <0x564fcb1106d0>: group_segment_size: 0
HOSTQUEUE <0x564fcb1106d0>: private_segment_size: 152
HOSTQUEUE <0x564fcb1106d0>: completion_signal: 0x0
HOSTQUEUE <0x564fcb1106d0>: kernel_object: 0x7f98166419c0
HOSTQUEUE <0x564fcb1106d0>: device id: 0

HOSTQUEUE <0x564fcb1106d0>: >>>>>>>> FIND MATCH KERNEL DETAILS <<<<<<<<<
HOSTQUEUE <0x564fcb1106d0>: kernel name: updateFrictionPatches
HOSTQUEUE <0x564fcb1106d0>: >>>>>>>> DUMP KERNEL ARGS: size: 288 <<<<<<<<<

94 01 00 00 00 00 00 00 00 00 80 8f 8f 7f 00 00 
00 00 00 88 8f 7f 00 00 00 00 2b 4e 8f 7f 00 00 
02 00 00 00 01 00 00 00 01 00 00 00 00 01 01 00 
01 00 00 00 00 00 00 00 00 00 00 00 00 00 00 00 
00 00 00 00 00 00 00 00 00 00 00 00 00 00 00 00 
00 00 00 00 00 00 00 00 00 00 00 00 00 00 00 00 
03 00 00 00 00 00 00 00 00 00 00 00 00 00 00 00 
00 00 20 77 8f 7f 00 00 00 00 00 00 00 00 00 00 
00 00 40 7d 8f 7f 00 00 00 00 00 00 00 00 00 00 
00 00 00 00 00 00 00 00 00 00 00 00 00 00 00 00 
00 00 00 00 00 00 00 00 00 00 00 00 00 00 00 00 
00 00 00 00 00 00 00 00 00 00 00 00 00 00 00 00 
00 00 00 00 00 00 00 00 00 00 00 00 00 00 00 00 
00 00 00 00 00 00 00 00 00 00 00 00 00 00 00 00 
00 00 00 00 00 00 00 00 00 c0 b8 18 98 7f 00 00 
00 00 00 00 00 00 00 00 00 00 00 00 00 00 00 00 
00 00 00 00 00 00 00 00 00 00 00 00 00 00 00 00 
00 00 00 00 00 00 00 00 00 00 00 00 00 00 00 00 

HOSTQUEUE <0x564fcb1106d0>: >>>>>>>> DUMP KERNEL ARGS PTR INFO <<<<<<<<<
HOSTQUEUE <0x564fcb1106d0>: ptr arg index: 1, ptr: 0x7f8f8f800000
HOSTQUEUE <0x564fcb1106d0>: origin ptr: 0x7f8f8f800000, size byte: 67108864
HOSTQUEUE <0x564fcb1106d0>: ptr arg index: 2, ptr: 0x7f8f88000000
HOSTQUEUE <0x564fcb1106d0>: origin ptr: 0x7f8f88000000, size byte: 54525952
HOSTQUEUE <0x564fcb1106d0>: ptr arg index: 3, ptr: 0x7f8f4e2b0000
HOSTQUEUE <0x564fcb1106d0>: origin ptr: 0x7f8f4ca00000, size byte: 536870912
HOSTQUEUE <0x564fcb1106d0>: ptr arg index: 14, ptr: 0x7f8f77200000
HOSTQUEUE <0x564fcb1106d0>: origin ptr: 0x7f8f77200000, size byte: 13184056

HOSTQUEUE <0x564fcb1106d0>: >>>>>>>> DUMP AQL 0x7f9818b8c000 PACKET WITH INDEX 2426 <<<<<<<<<
HOSTQUEUE <0x564fcb1106d0>: >>>>>>>> MATCH BARRIER AND COMMAND <<<<<<<<<
HOSTQUEUE <0x564fcb1106d0>: header: 0x1503
HOSTQUEUE <0x564fcb1106d0>: dep_signal[0]: 0x0
HOSTQUEUE <0x564fcb1106d0>: dep_signal[1]: 0x0
HOSTQUEUE <0x564fcb1106d0>: dep_signal[2]: 0x0
HOSTQUEUE <0x564fcb1106d0>: dep_signal[3]: 0x0
HOSTQUEUE <0x564fcb1106d0>: dep_signal[4]: 0x0
HOSTQUEUE <0x564fcb1106d0>: completion_signal: 0x7f98185fc180



===========================================================================================
=========> HOSTQUEUE <0x564fcb170a60>: VMFault HSA QUEUE ANALYSIS <=========
HOSTQUEUE <0x564fcb170a60>: base_address 0x7f8f76c00000
HOSTQUEUE <0x564fcb170a60>: hsa queue id 4, stream id 3
HOSTQUEUE <0x564fcb170a60>: get hsa queue W/R ptr: write index: 8247, read index: 8247
HOSTQUEUE <0x564fcb170a60>: all command executed

===========================================================================================
=========> HOSTQUEUE <0x564fcb170fc0>: VMFault HSA QUEUE ANALYSIS <=========
HOSTQUEUE <0x564fcb170fc0>: base_address 0x7f8f4c800000
HOSTQUEUE <0x564fcb170fc0>: hsa queue id 6, stream id 5
HOSTQUEUE <0x564fcb170fc0>: get hsa queue W/R ptr: write index: 183, read index: 183
HOSTQUEUE <0x564fcb170fc0>: all command executed

===========================================================================================
=========> HOSTQUEUE <0x564fcb16eda0>: VMFault HSA QUEUE ANALYSIS <=========
HOSTQUEUE <0x564fcb16eda0>: base_address 0x7f8f72400000
HOSTQUEUE <0x564fcb16eda0>: hsa queue id 5, stream id 4
HOSTQUEUE <0x564fcb16eda0>: get hsa queue W/R ptr: write index: 183, read index: 183
HOSTQUEUE <0x564fcb16eda0>: all command executed

===========================================================================================
=========> HOSTQUEUE <0x564fcb0c1ba0>: VMFault HSA QUEUE ANALYSIS <=========
HOSTQUEUE <0x564fcb0c1ba0>: base_address 0x7f8fd4a00000
HOSTQUEUE <0x564fcb0c1ba0>: hsa queue id 1, stream id 0
HOSTQUEUE <0x564fcb0c1ba0>: get hsa queue W/R ptr: write index: 6, read index: 6
HOSTQUEUE <0x564fcb0c1ba0>: all command executed

>>>>>>>> FOR DEVICE 0x564fc8b5d6c0 <<<<<<


>>>>>>>> FOR DEVICE 0x564fc8b61660 <<<<<<


>>>>>>>> FOR DEVICE 0x564fc8b62510 <<<<<<


>>>>>>>> FOR DEVICE 0x564fc8b633c0 <<<<<<


>>>>>>>> FOR DEVICE 0x564fc8b64270 <<<<<<


>>>>>>>> FOR DEVICE 0x564fc8b65120 <<<<<<


>>>>>>>> FOR DEVICE 0x564fc8b65fd0 <<<<<<


>>>>>>>> KERNEL VMFault Analysis END !!!! <<<<<<

=========> HW QUEUE INFO ANALYSIS <==========
========================================
 PhysX Scene Benchmark — Tower Collapse
========================================

GPU: BW200, UBB BW1000 (80 CUs, 64.0 GB) — GPU enabled
CPU warmup...
CPU warmup OK
/public/home/tangwsh/PhysX/physx/source/cudamanager/src/HipKernelWrangler.cpp (62) : internal error : Could not find GPU function 'convexCorePlaneNphase_Kernel' in 53 modules.

/public/home/tangwsh/PhysX/physx/source/cudamanager/src/HipKernelWrangler.cpp (62) : internal error : Could not find GPU function 'convexCoreConvexNphase_Kernel' in 53 modules.

/public/home/tangwsh/PhysX/physx/source/cudamanager/src/HipKernelWrangler.cpp (62) : internal error : Could not find GPU function 'convexCoreTrimeshNphase_Kernel32' in 53 modules.

/public/home/tangwsh/PhysX/physx/source/cudamanager/src/HipKernelWrangler.cpp (62) : internal error : Could not find GPU function 'convexCoreTetmeshNphase_Kernel32' in 53 modules.

/public/home/tangwsh/PhysX/physx/source/cudamanager/src/HipKernelWrangler.cpp (62) : internal error : Could not find GPU function 'convexCoreClothmeshNphase_Kernel32' in 53 modules.

/public/home/tangwsh/PhysX/physx/source/cudamanager/src/HipKernelWrangler.cpp (62) : internal error : Could not find GPU function 'midphaseGeneratePairs' in 53 modules.

/public/home/tangwsh/PhysX/physx/source/cudamanager/src/HipKernelWrangler.cpp (62) : internal error : Could not find GPU function 'convexTrimeshNarrowphase' in 53 modules.

/public/home/tangwsh/PhysX/physx/source/cudamanager/src/HipKernelWrangler.cpp (62) : internal error : Could not find GPU function 'sortTriangleIndices' in 53 modules.

/public/home/tangwsh/PhysX/physx/source/cudamanager/src/HipKernelWrangler.cpp (62) : internal error : Could not find GPU function 'convexTrimeshPostProcess' in 53 modules.

/public/home/tangwsh/PhysX/physx/source/cudamanager/src/HipKernelWrangler.cpp (62) : internal error : Could not find GPU function 'convexHeightfieldPostProcess' in 53 modules.

/public/home/tangwsh/PhysX/physx/source/cudamanager/src/HipKernelWrangler.cpp (62) : internal error : Could not find GPU function 'convexTrimeshCorrelate' in 53 modules.

/public/home/tangwsh/PhysX/physx/source/cudamanager/src/HipKernelWrangler.cpp (62) : internal error : Could not find GPU function 'convexTrimeshFinishContacts' in 53 modules.

/public/home/tangwsh/PhysX/physx/source/cudamanager/src/HipKernelWrangler.cpp (62) : internal error : Could not find GPU function 'convexHeightFieldMidphase' in 53 modules.

/public/home/tangwsh/PhysX/physx/source/cudamanager/src/HipKernelWrangler.cpp (62) : internal error : Could not find GPU function 'convexHeightfieldNarrowphase' in 53 modules.

/public/home/tangwsh/PhysX/physx/source/cudamanager/src/HipKernelWrangler.cpp (62) : internal error : Could not find GPU function 'sphereTrimeshNarrowphase' in 53 modules.

/public/home/tangwsh/PhysX/physx/source/cudamanager/src/HipKernelWrangler.cpp (62) : internal error : Could not find GPU function 'sphereHeightfieldNarrowphase' in 53 modules.

/public/home/tangwsh/PhysX/physx/source/cudamanager/src/HipKernelWrangler.cpp (62) : internal error : Could not find GPU function 'triangleTriangleCollision' in 53 modules.

/public/home/tangwsh/PhysX/physx/source/cudamanager/src/HipKernelWrangler.cpp (62) : internal error : Could not find GPU function 'triangleTriangleOverlaps' in 53 modules.

/public/home/tangwsh/PhysX/physx/source/cudamanager/src/HipKernelWrangler.cpp (62) : internal error : Could not find GPU function 'evaluatePointDistancesSDFBatch' in 53 modules.

Bodies: 15160 (20 layers)
Projectiles: 300 | Total: 15460

Diagnostic: 0 gravity + dt=0...
Diagnostic OK
Settling...
Can't read for directory: /sys/kernel/debug/kfd/process
Please check mount/permission
