In file included from <built-in>:2:
In file included from /public2/home/tangwsh/PhysX/examples/dcu/../../physx/source/gpucommon/include/PxgHIPCompat.h:24:
In file included from /public2/home/tangwsh/PhysX/examples/dcu/../../physx/include/foundation/PxVec3.h:33:
/public2/home/tangwsh/PhysX/examples/dcu/../../physx/include/foundation/PxMath.h:213:1: warning: void function is missing a return statement [-Wreturn-type]
}
^
/public2/home/tangwsh/PhysX/examples/dcu/../../physx/include/foundation/PxMath.h:220:1: warning: void function is missing a return statement [-Wreturn-type]
}
^
In file included from <built-in>:2:
In file included from /public2/home/tangwsh/PhysX/examples/dcu/../../physx/source/gpucommon/include/PxgHIPCompat.h:26:
/public2/home/tangwsh/PhysX/examples/dcu/../../physx/include/foundation/PxMat33.h:431:2: warning: void function is missing a return statement [-Wreturn-type]
        }
        ^
/public2/home/tangwsh/PhysX/examples/dcu/../../physx/include/foundation/PxMat33.h:448:2: warning: void function is missing a return statement [-Wreturn-type]
        }
        ^
/public2/home/tangwsh/PhysX/examples/dcu/../../physx/include/foundation/PxMat33.h:465:2: warning: void function is missing a return statement [-Wreturn-type]
        }
        ^
/public2/home/tangwsh/PhysX/examples/dcu/example1_nbody.hip:64:1: warning: void function is missing a return statement [-Wreturn-type]
}
^
/public2/home/tangwsh/PhysX/examples/dcu/example1_nbody.hip:75:5: warning: ignoring return value of function declared with 'nodiscard' attribute [-Wunused-result]
    hipMalloc(&d_pos,  N * sizeof(PxVec3));
    ^~~~~~~~~ ~~~~~~~~~~~~~~~~~~~~~~~~~~~
/public2/home/tangwsh/PhysX/examples/dcu/example1_nbody.hip:76:5: warning: ignoring return value of function declared with 'nodiscard' attribute [-Wunused-result]
    hipMalloc(&d_vel,  N * sizeof(PxVec3));
    ^~~~~~~~~ ~~~~~~~~~~~~~~~~~~~~~~~~~~~
/public2/home/tangwsh/PhysX/examples/dcu/example1_nbody.hip:77:5: warning: ignoring return value of function declared with 'nodiscard' attribute [-Wunused-result]
    hipMalloc(&d_pos2, N * sizeof(PxVec3));
    ^~~~~~~~~ ~~~~~~~~~~~~~~~~~~~~~~~~~~~
/public2/home/tangwsh/PhysX/examples/dcu/example1_nbody.hip:78:5: warning: ignoring return value of function declared with 'nodiscard' attribute [-Wunused-result]
    hipMalloc(&d_mass, N * sizeof(float));
    ^~~~~~~~~ ~~~~~~~~~~~~~~~~~~~~~~~~~~
/public2/home/tangwsh/PhysX/examples/dcu/example1_nbody.hip:95:5: warning: ignoring return value of function declared with 'nodiscard' attribute [-Wunused-result]
    hipMemcpy(d_pos,  h_pos,  N * sizeof(PxVec3), hipMemcpyHostToDevice);
    ^~~~~~~~~ ~~~~~~~~~~~~~~~~~~~~~~~~~~~~~~~~~~~~~~~~~~~~~~~~~~~~~~~~~
/public2/home/tangwsh/PhysX/examples/dcu/example1_nbody.hip:96:5: warning: ignoring return value of function declared with 'nodiscard' attribute [-Wunused-result]
    hipMemcpy(d_vel,  h_vel,  N * sizeof(PxVec3), hipMemcpyHostToDevice);
    ^~~~~~~~~ ~~~~~~~~~~~~~~~~~~~~~~~~~~~~~~~~~~~~~~~~~~~~~~~~~~~~~~~~~
/public2/home/tangwsh/PhysX/examples/dcu/example1_nbody.hip:97:5: warning: ignoring return value of function declared with 'nodiscard' attribute [-Wunused-result]
    hipMemcpy(d_mass, h_mass, N * sizeof(float),  hipMemcpyHostToDevice);
    ^~~~~~~~~ ~~~~~~~~~~~~~~~~~~~~~~~~~~~~~~~~~~~~~~~~~~~~~~~~~~~~~~~~~
/public2/home/tangwsh/PhysX/examples/dcu/example1_nbody.hip:101:5: warning: ignoring return value of function declared with 'nodiscard' attribute [-Wunused-result]
    hipEventCreate(&start); hipEventCreate(&stop);
    ^~~~~~~~~~~~~~ ~~~~~~
/public2/home/tangwsh/PhysX/examples/dcu/example1_nbody.hip:101:29: warning: ignoring return value of function declared with 'nodiscard' attribute [-Wunused-result]
    hipEventCreate(&start); hipEventCreate(&stop);
                            ^~~~~~~~~~~~~~ ~~~~~
/public2/home/tangwsh/PhysX/examples/dcu/example1_nbody.hip:103:5: warning: ignoring return value of function declared with 'nodiscard' attribute [-Wunused-result]
    hipEventRecord(start);
    ^~~~~~~~~~~~~~
/public2/home/tangwsh/PhysX/examples/dcu/example1_nbody.hip:106:5: warning: ignoring return value of function declared with 'nodiscard' attribute [-Wunused-result]
    hipEventRecord(stop);
    ^~~~~~~~~~~~~~
/public2/home/tangwsh/PhysX/examples/dcu/example1_nbody.hip:107:5: warning: ignoring return value of function declared with 'nodiscard' attribute [-Wunused-result]
    hipDeviceSynchronize();
    ^~~~~~~~~~~~~~~~~~~~
/public2/home/tangwsh/PhysX/examples/dcu/example1_nbody.hip:110:5: warning: ignoring return value of function declared with 'nodiscard' attribute [-Wunused-result]
    hipEventElapsedTime(&ms_gpu, start, stop);
    ^~~~~~~~~~~~~~~~~~~ ~~~~~~~~~~~~~~~~~~~~
/public2/home/tangwsh/PhysX/examples/dcu/example1_nbody.hip:115:5: warning: ignoring return value of function declared with 'nodiscard' attribute [-Wunused-result]
    hipMemcpy(h_pos_gpu, d_pos2, N * sizeof(PxVec3), hipMemcpyDeviceToHost);
    ^~~~~~~~~ ~~~~~~~~~~~~~~~~~~~~~~~~~~~~~~~~~~~~~~~~~~~~~~~~~~~~~~~~~~~~
/public2/home/tangwsh/PhysX/examples/dcu/example1_nbody.hip:116:5: warning: ignoring return value of function declared with 'nodiscard' attribute [-Wunused-result]
    hipMemcpy(h_vel_gpu, d_vel,  N * sizeof(PxVec3), hipMemcpyDeviceToHost);
    ^~~~~~~~~ ~~~~~~~~~~~~~~~~~~~~~~~~~~~~~~~~~~~~~~~~~~~~~~~~~~~~~~~~~~~~
/public2/home/tangwsh/PhysX/examples/dcu/example1_nbody.hip:149:5: warning: ignoring return value of function declared with 'nodiscard' attribute [-Wunused-result]
    hipFree(d_pos); hipFree(d_vel); hipFree(d_pos2); hipFree(d_mass);
    ^~~~~~~ ~~~~~
/public2/home/tangwsh/PhysX/examples/dcu/example1_nbody.hip:149:21: warning: ignoring return value of function declared with 'nodiscard' attribute [-Wunused-result]
    hipFree(d_pos); hipFree(d_vel); hipFree(d_pos2); hipFree(d_mass);
                    ^~~~~~~ ~~~~~
/public2/home/tangwsh/PhysX/examples/dcu/example1_nbody.hip:149:37: warning: ignoring return value of function declared with 'nodiscard' attribute [-Wunused-result]
    hipFree(d_pos); hipFree(d_vel); hipFree(d_pos2); hipFree(d_mass);
                                    ^~~~~~~ ~~~~~~
/public2/home/tangwsh/PhysX/examples/dcu/example1_nbody.hip:149:54: warning: ignoring return value of function declared with 'nodiscard' attribute [-Wunused-result]
    hipFree(d_pos); hipFree(d_vel); hipFree(d_pos2); hipFree(d_mass);
                                                     ^~~~~~~ ~~~~~~
/public2/home/tangwsh/PhysX/examples/dcu/example1_nbody.hip:150:5: warning: ignoring return value of function declared with 'nodiscard' attribute [-Wunused-result]
    hipEventDestroy(start); hipEventDestroy(stop);
    ^~~~~~~~~~~~~~~ ~~~~~
/public2/home/tangwsh/PhysX/examples/dcu/example1_nbody.hip:150:29: warning: ignoring return value of function declared with 'nodiscard' attribute [-Wunused-result]
    hipEventDestroy(start); hipEventDestroy(stop);
                            ^~~~~~~~~~~~~~~ ~~~~
27 warnings generated when compiling for gfx936.
In file included from <built-in>:2:
In file included from /public2/home/tangwsh/PhysX/examples/dcu/../../physx/source/gpucommon/include/PxgHIPCompat.h:24:
In file included from /public2/home/tangwsh/PhysX/examples/dcu/../../physx/include/foundation/PxVec3.h:33:
/public2/home/tangwsh/PhysX/examples/dcu/../../physx/include/foundation/PxMath.h:213:1: warning: void function is missing a return statement [-Wreturn-type]
}
^
/public2/home/tangwsh/PhysX/examples/dcu/../../physx/include/foundation/PxMath.h:220:1: warning: void function is missing a return statement [-Wreturn-type]
}
^
In file included from <built-in>:2:
In file included from /public2/home/tangwsh/PhysX/examples/dcu/../../physx/source/gpucommon/include/PxgHIPCompat.h:26:
/public2/home/tangwsh/PhysX/examples/dcu/../../physx/include/foundation/PxMat33.h:431:2: warning: void function is missing a return statement [-Wreturn-type]
        }
        ^
/public2/home/tangwsh/PhysX/examples/dcu/../../physx/include/foundation/PxMat33.h:448:2: warning: void function is missing a return statement [-Wreturn-type]
        }
        ^
/public2/home/tangwsh/PhysX/examples/dcu/../../physx/include/foundation/PxMat33.h:465:2: warning: void function is missing a return statement [-Wreturn-type]
        }
        ^
/public2/home/tangwsh/PhysX/examples/dcu/example1_nbody.hip:64:1: warning: void function is missing a return statement [-Wreturn-type]
}
^
/public2/home/tangwsh/PhysX/examples/dcu/example1_nbody.hip:75:5: warning: ignoring return value of function declared with 'nodiscard' attribute [-Wunused-result]
    hipMalloc(&d_pos,  N * sizeof(PxVec3));
    ^~~~~~~~~ ~~~~~~~~~~~~~~~~~~~~~~~~~~~
/public2/home/tangwsh/PhysX/examples/dcu/example1_nbody.hip:76:5: warning: ignoring return value of function declared with 'nodiscard' attribute [-Wunused-result]
    hipMalloc(&d_vel,  N * sizeof(PxVec3));
    ^~~~~~~~~ ~~~~~~~~~~~~~~~~~~~~~~~~~~~
/public2/home/tangwsh/PhysX/examples/dcu/example1_nbody.hip:77:5: warning: ignoring return value of function declared with 'nodiscard' attribute [-Wunused-result]
    hipMalloc(&d_pos2, N * sizeof(PxVec3));
    ^~~~~~~~~ ~~~~~~~~~~~~~~~~~~~~~~~~~~~
/public2/home/tangwsh/PhysX/examples/dcu/example1_nbody.hip:78:5: warning: ignoring return value of function declared with 'nodiscard' attribute [-Wunused-result]
    hipMalloc(&d_mass, N * sizeof(float));
    ^~~~~~~~~ ~~~~~~~~~~~~~~~~~~~~~~~~~~
/public2/home/tangwsh/PhysX/examples/dcu/example1_nbody.hip:95:5: warning: ignoring return value of function declared with 'nodiscard' attribute [-Wunused-result]
    hipMemcpy(d_pos,  h_pos,  N * sizeof(PxVec3), hipMemcpyHostToDevice);
    ^~~~~~~~~ ~~~~~~~~~~~~~~~~~~~~~~~~~~~~~~~~~~~~~~~~~~~~~~~~~~~~~~~~~
/public2/home/tangwsh/PhysX/examples/dcu/example1_nbody.hip:96:5: warning: ignoring return value of function declared with 'nodiscard' attribute [-Wunused-result]
    hipMemcpy(d_vel,  h_vel,  N * sizeof(PxVec3), hipMemcpyHostToDevice);
    ^~~~~~~~~ ~~~~~~~~~~~~~~~~~~~~~~~~~~~~~~~~~~~~~~~~~~~~~~~~~~~~~~~~~
/public2/home/tangwsh/PhysX/examples/dcu/example1_nbody.hip:97:5: warning: ignoring return value of function declared with 'nodiscard' attribute [-Wunused-result]
    hipMemcpy(d_mass, h_mass, N * sizeof(float),  hipMemcpyHostToDevice);
    ^~~~~~~~~ ~~~~~~~~~~~~~~~~~~~~~~~~~~~~~~~~~~~~~~~~~~~~~~~~~~~~~~~~~
/public2/home/tangwsh/PhysX/examples/dcu/example1_nbody.hip:101:5: warning: ignoring return value of function declared with 'nodiscard' attribute [-Wunused-result]
    hipEventCreate(&start); hipEventCreate(&stop);
    ^~~~~~~~~~~~~~ ~~~~~~
/public2/home/tangwsh/PhysX/examples/dcu/example1_nbody.hip:101:29: warning: ignoring return value of function declared with 'nodiscard' attribute [-Wunused-result]
    hipEventCreate(&start); hipEventCreate(&stop);
                            ^~~~~~~~~~~~~~ ~~~~~
/public2/home/tangwsh/PhysX/examples/dcu/example1_nbody.hip:103:5: warning: ignoring return value of function declared with 'nodiscard' attribute [-Wunused-result]
    hipEventRecord(start);
    ^~~~~~~~~~~~~~
/public2/home/tangwsh/PhysX/examples/dcu/example1_nbody.hip:106:5: warning: ignoring return value of function declared with 'nodiscard' attribute [-Wunused-result]
    hipEventRecord(stop);
    ^~~~~~~~~~~~~~
/public2/home/tangwsh/PhysX/examples/dcu/example1_nbody.hip:107:5: warning: ignoring return value of function declared with 'nodiscard' attribute [-Wunused-result]
    hipDeviceSynchronize();
    ^~~~~~~~~~~~~~~~~~~~
/public2/home/tangwsh/PhysX/examples/dcu/example1_nbody.hip:110:5: warning: ignoring return value of function declared with 'nodiscard' attribute [-Wunused-result]
    hipEventElapsedTime(&ms_gpu, start, stop);
    ^~~~~~~~~~~~~~~~~~~ ~~~~~~~~~~~~~~~~~~~~
/public2/home/tangwsh/PhysX/examples/dcu/example1_nbody.hip:115:5: warning: ignoring return value of function declared with 'nodiscard' attribute [-Wunused-result]
    hipMemcpy(h_pos_gpu, d_pos2, N * sizeof(PxVec3), hipMemcpyDeviceToHost);
    ^~~~~~~~~ ~~~~~~~~~~~~~~~~~~~~~~~~~~~~~~~~~~~~~~~~~~~~~~~~~~~~~~~~~~~~
/public2/home/tangwsh/PhysX/examples/dcu/example1_nbody.hip:116:5: warning: ignoring return value of function declared with 'nodiscard' attribute [-Wunused-result]
    hipMemcpy(h_vel_gpu, d_vel,  N * sizeof(PxVec3), hipMemcpyDeviceToHost);
    ^~~~~~~~~ ~~~~~~~~~~~~~~~~~~~~~~~~~~~~~~~~~~~~~~~~~~~~~~~~~~~~~~~~~~~~
/public2/home/tangwsh/PhysX/examples/dcu/example1_nbody.hip:149:5: warning: ignoring return value of function declared with 'nodiscard' attribute [-Wunused-result]
    hipFree(d_pos); hipFree(d_vel); hipFree(d_pos2); hipFree(d_mass);
    ^~~~~~~ ~~~~~
/public2/home/tangwsh/PhysX/examples/dcu/example1_nbody.hip:149:21: warning: ignoring return value of function declared with 'nodiscard' attribute [-Wunused-result]
    hipFree(d_pos); hipFree(d_vel); hipFree(d_pos2); hipFree(d_mass);
                    ^~~~~~~ ~~~~~
/public2/home/tangwsh/PhysX/examples/dcu/example1_nbody.hip:149:37: warning: ignoring return value of function declared with 'nodiscard' attribute [-Wunused-result]
    hipFree(d_pos); hipFree(d_vel); hipFree(d_pos2); hipFree(d_mass);
                                    ^~~~~~~ ~~~~~~
/public2/home/tangwsh/PhysX/examples/dcu/example1_nbody.hip:149:54: warning: ignoring return value of function declared with 'nodiscard' attribute [-Wunused-result]
    hipFree(d_pos); hipFree(d_vel); hipFree(d_pos2); hipFree(d_mass);
                                                     ^~~~~~~ ~~~~~~
/public2/home/tangwsh/PhysX/examples/dcu/example1_nbody.hip:150:5: warning: ignoring return value of function declared with 'nodiscard' attribute [-Wunused-result]
    hipEventDestroy(start); hipEventDestroy(stop);
    ^~~~~~~~~~~~~~~ ~~~~~
/public2/home/tangwsh/PhysX/examples/dcu/example1_nbody.hip:150:29: warning: ignoring return value of function declared with 'nodiscard' attribute [-Wunused-result]
    hipEventDestroy(start); hipEventDestroy(stop);
                            ^~~~~~~~~~~~~~~ ~~~~
27 warnings generated when compiling for host.
clang++: warning: argument unused during compilation: '-fgpu-flush-denormals-to-zero' [-Wunused-command-line-argument]
In file included from <built-in>:2:
In file included from /public2/home/tangwsh/PhysX/examples/dcu/../../physx/source/gpucommon/include/PxgHIPCompat.h:24:
In file included from /public2/home/tangwsh/PhysX/examples/dcu/../../physx/include/foundation/PxVec3.h:33:
/public2/home/tangwsh/PhysX/examples/dcu/../../physx/include/foundation/PxMath.h:213:1: warning: void function is missing a return statement [-Wreturn-type]
}
^
/public2/home/tangwsh/PhysX/examples/dcu/../../physx/include/foundation/PxMath.h:220:1: warning: void function is missing a return statement [-Wreturn-type]
}
^
In file included from <built-in>:2:
In file included from /public2/home/tangwsh/PhysX/examples/dcu/../../physx/source/gpucommon/include/PxgHIPCompat.h:26:
/public2/home/tangwsh/PhysX/examples/dcu/../../physx/include/foundation/PxMat33.h:431:2: warning: void function is missing a return statement [-Wreturn-type]
        }
        ^
/public2/home/tangwsh/PhysX/examples/dcu/../../physx/include/foundation/PxMat33.h:448:2: warning: void function is missing a return statement [-Wreturn-type]
        }
        ^
/public2/home/tangwsh/PhysX/examples/dcu/../../physx/include/foundation/PxMat33.h:465:2: warning: void function is missing a return statement [-Wreturn-type]
        }
        ^
/public2/home/tangwsh/PhysX/examples/dcu/example2_particles.hip:63:1: warning: void function is missing a return statement [-Wreturn-type]
}
^
/public2/home/tangwsh/PhysX/examples/dcu/example2_particles.hip:74:5: warning: ignoring return value of function declared with 'nodiscard' attribute [-Wunused-result]
    hipMalloc(&d_pos, vecSize);
    ^~~~~~~~~ ~~~~~~~~~~~~~~~
/public2/home/tangwsh/PhysX/examples/dcu/example2_particles.hip:75:5: warning: ignoring return value of function declared with 'nodiscard' attribute [-Wunused-result]
    hipMalloc(&d_vel, vecSize);
    ^~~~~~~~~ ~~~~~~~~~~~~~~~
/public2/home/tangwsh/PhysX/examples/dcu/example2_particles.hip:76:5: warning: ignoring return value of function declared with 'nodiscard' attribute [-Wunused-result]
    hipMalloc(&d_acc, vecSize);
    ^~~~~~~~~ ~~~~~~~~~~~~~~~
/public2/home/tangwsh/PhysX/examples/dcu/example2_particles.hip:85:5: warning: ignoring return value of function declared with 'nodiscard' attribute [-Wunused-result]
    hipMemcpy(d_pos, h_pos, vecSize, hipMemcpyHostToDevice);
    ^~~~~~~~~ ~~~~~~~~~~~~~~~~~~~~~~~~~~~~~~~~~~~~~~~~~~~~
/public2/home/tangwsh/PhysX/examples/dcu/example2_particles.hip:86:5: warning: ignoring return value of function declared with 'nodiscard' attribute [-Wunused-result]
    hipMemcpy(d_vel, h_vel, vecSize, hipMemcpyHostToDevice);
    ^~~~~~~~~ ~~~~~~~~~~~~~~~~~~~~~~~~~~~~~~~~~~~~~~~~~~~~
/public2/home/tangwsh/PhysX/examples/dcu/example2_particles.hip:90:5: warning: ignoring return value of function declared with 'nodiscard' attribute [-Wunused-result]
    hipEventCreate(&start); hipEventCreate(&stop);
    ^~~~~~~~~~~~~~ ~~~~~~
/public2/home/tangwsh/PhysX/examples/dcu/example2_particles.hip:90:29: warning: ignoring return value of function declared with 'nodiscard' attribute [-Wunused-result]
    hipEventCreate(&start); hipEventCreate(&stop);
                            ^~~~~~~~~~~~~~ ~~~~~
/public2/home/tangwsh/PhysX/examples/dcu/example2_particles.hip:92:5: warning: ignoring return value of function declared with 'nodiscard' attribute [-Wunused-result]
    hipEventRecord(start);
    ^~~~~~~~~~~~~~
/public2/home/tangwsh/PhysX/examples/dcu/example2_particles.hip:96:5: warning: ignoring return value of function declared with 'nodiscard' attribute [-Wunused-result]
    hipEventRecord(stop);
    ^~~~~~~~~~~~~~
/public2/home/tangwsh/PhysX/examples/dcu/example2_particles.hip:97:5: warning: ignoring return value of function declared with 'nodiscard' attribute [-Wunused-result]
    hipDeviceSynchronize();
    ^~~~~~~~~~~~~~~~~~~~
/public2/home/tangwsh/PhysX/examples/dcu/example2_particles.hip:100:5: warning: ignoring return value of function declared with 'nodiscard' attribute [-Wunused-result]
    hipEventElapsedTime(&ms, start, stop);
    ^~~~~~~~~~~~~~~~~~~ ~~~~~~~~~~~~~~~~
/public2/home/tangwsh/PhysX/examples/dcu/example2_particles.hip:104:5: warning: ignoring return value of function declared with 'nodiscard' attribute [-Wunused-result]
    hipMemcpy(h_pos_gpu, d_pos, vecSize, hipMemcpyDeviceToHost);
    ^~~~~~~~~ ~~~~~~~~~~~~~~~~~~~~~~~~~~~~~~~~~~~~~~~~~~~~~~~~
/public2/home/tangwsh/PhysX/examples/dcu/example2_particles.hip:132:5: warning: ignoring return value of function declared with 'nodiscard' attribute [-Wunused-result]
    hipFree(d_pos); hipFree(d_vel); hipFree(d_acc);
    ^~~~~~~ ~~~~~
/public2/home/tangwsh/PhysX/examples/dcu/example2_particles.hip:132:21: warning: ignoring return value of function declared with 'nodiscard' attribute [-Wunused-result]
    hipFree(d_pos); hipFree(d_vel); hipFree(d_acc);
                    ^~~~~~~ ~~~~~
/public2/home/tangwsh/PhysX/examples/dcu/example2_particles.hip:132:37: warning: ignoring return value of function declared with 'nodiscard' attribute [-Wunused-result]
    hipFree(d_pos); hipFree(d_vel); hipFree(d_acc);
                                    ^~~~~~~ ~~~~~
/public2/home/tangwsh/PhysX/examples/dcu/example2_particles.hip:133:5: warning: ignoring return value of function declared with 'nodiscard' attribute [-Wunused-result]
    hipEventDestroy(start); hipEventDestroy(stop);
    ^~~~~~~~~~~~~~~ ~~~~~
/public2/home/tangwsh/PhysX/examples/dcu/example2_particles.hip:133:29: warning: ignoring return value of function declared with 'nodiscard' attribute [-Wunused-result]
    hipEventDestroy(start); hipEventDestroy(stop);
                            ^~~~~~~~~~~~~~~ ~~~~
23 warnings generated when compiling for gfx936.
In file included from <built-in>:2:
In file included from /public2/home/tangwsh/PhysX/examples/dcu/../../physx/source/gpucommon/include/PxgHIPCompat.h:24:
In file included from /public2/home/tangwsh/PhysX/examples/dcu/../../physx/include/foundation/PxVec3.h:33:
/public2/home/tangwsh/PhysX/examples/dcu/../../physx/include/foundation/PxMath.h:213:1: warning: void function is missing a return statement [-Wreturn-type]
}
^
/public2/home/tangwsh/PhysX/examples/dcu/../../physx/include/foundation/PxMath.h:220:1: warning: void function is missing a return statement [-Wreturn-type]
}
^
In file included from <built-in>:2:
In file included from /public2/home/tangwsh/PhysX/examples/dcu/../../physx/source/gpucommon/include/PxgHIPCompat.h:26:
/public2/home/tangwsh/PhysX/examples/dcu/../../physx/include/foundation/PxMat33.h:431:2: warning: void function is missing a return statement [-Wreturn-type]
        }
        ^
/public2/home/tangwsh/PhysX/examples/dcu/../../physx/include/foundation/PxMat33.h:448:2: warning: void function is missing a return statement [-Wreturn-type]
        }
        ^
/public2/home/tangwsh/PhysX/examples/dcu/../../physx/include/foundation/PxMat33.h:465:2: warning: void function is missing a return statement [-Wreturn-type]
        }
        ^
/public2/home/tangwsh/PhysX/examples/dcu/example2_particles.hip:63:1: warning: void function is missing a return statement [-Wreturn-type]
}
^
/public2/home/tangwsh/PhysX/examples/dcu/example2_particles.hip:74:5: warning: ignoring return value of function declared with 'nodiscard' attribute [-Wunused-result]
    hipMalloc(&d_pos, vecSize);
    ^~~~~~~~~ ~~~~~~~~~~~~~~~
/public2/home/tangwsh/PhysX/examples/dcu/example2_particles.hip:75:5: warning: ignoring return value of function declared with 'nodiscard' attribute [-Wunused-result]
    hipMalloc(&d_vel, vecSize);
    ^~~~~~~~~ ~~~~~~~~~~~~~~~
/public2/home/tangwsh/PhysX/examples/dcu/example2_particles.hip:76:5: warning: ignoring return value of function declared with 'nodiscard' attribute [-Wunused-result]
    hipMalloc(&d_acc, vecSize);
    ^~~~~~~~~ ~~~~~~~~~~~~~~~
/public2/home/tangwsh/PhysX/examples/dcu/example2_particles.hip:85:5: warning: ignoring return value of function declared with 'nodiscard' attribute [-Wunused-result]
    hipMemcpy(d_pos, h_pos, vecSize, hipMemcpyHostToDevice);
    ^~~~~~~~~ ~~~~~~~~~~~~~~~~~~~~~~~~~~~~~~~~~~~~~~~~~~~~
/public2/home/tangwsh/PhysX/examples/dcu/example2_particles.hip:86:5: warning: ignoring return value of function declared with 'nodiscard' attribute [-Wunused-result]
    hipMemcpy(d_vel, h_vel, vecSize, hipMemcpyHostToDevice);
    ^~~~~~~~~ ~~~~~~~~~~~~~~~~~~~~~~~~~~~~~~~~~~~~~~~~~~~~
/public2/home/tangwsh/PhysX/examples/dcu/example2_particles.hip:90:5: warning: ignoring return value of function declared with 'nodiscard' attribute [-Wunused-result]
    hipEventCreate(&start); hipEventCreate(&stop);
    ^~~~~~~~~~~~~~ ~~~~~~
/public2/home/tangwsh/PhysX/examples/dcu/example2_particles.hip:90:29: warning: ignoring return value of function declared with 'nodiscard' attribute [-Wunused-result]
    hipEventCreate(&start); hipEventCreate(&stop);
                            ^~~~~~~~~~~~~~ ~~~~~
/public2/home/tangwsh/PhysX/examples/dcu/example2_particles.hip:92:5: warning: ignoring return value of function declared with 'nodiscard' attribute [-Wunused-result]
    hipEventRecord(start);
    ^~~~~~~~~~~~~~
/public2/home/tangwsh/PhysX/examples/dcu/example2_particles.hip:96:5: warning: ignoring return value of function declared with 'nodiscard' attribute [-Wunused-result]
    hipEventRecord(stop);
    ^~~~~~~~~~~~~~
/public2/home/tangwsh/PhysX/examples/dcu/example2_particles.hip:97:5: warning: ignoring return value of function declared with 'nodiscard' attribute [-Wunused-result]
    hipDeviceSynchronize();
    ^~~~~~~~~~~~~~~~~~~~
/public2/home/tangwsh/PhysX/examples/dcu/example2_particles.hip:100:5: warning: ignoring return value of function declared with 'nodiscard' attribute [-Wunused-result]
    hipEventElapsedTime(&ms, start, stop);
    ^~~~~~~~~~~~~~~~~~~ ~~~~~~~~~~~~~~~~
/public2/home/tangwsh/PhysX/examples/dcu/example2_particles.hip:104:5: warning: ignoring return value of function declared with 'nodiscard' attribute [-Wunused-result]
    hipMemcpy(h_pos_gpu, d_pos, vecSize, hipMemcpyDeviceToHost);
    ^~~~~~~~~ ~~~~~~~~~~~~~~~~~~~~~~~~~~~~~~~~~~~~~~~~~~~~~~~~
/public2/home/tangwsh/PhysX/examples/dcu/example2_particles.hip:132:5: warning: ignoring return value of function declared with 'nodiscard' attribute [-Wunused-result]
    hipFree(d_pos); hipFree(d_vel); hipFree(d_acc);
    ^~~~~~~ ~~~~~
/public2/home/tangwsh/PhysX/examples/dcu/example2_particles.hip:132:21: warning: ignoring return value of function declared with 'nodiscard' attribute [-Wunused-result]
    hipFree(d_pos); hipFree(d_vel); hipFree(d_acc);
                    ^~~~~~~ ~~~~~
/public2/home/tangwsh/PhysX/examples/dcu/example2_particles.hip:132:37: warning: ignoring return value of function declared with 'nodiscard' attribute [-Wunused-result]
    hipFree(d_pos); hipFree(d_vel); hipFree(d_acc);
                                    ^~~~~~~ ~~~~~
/public2/home/tangwsh/PhysX/examples/dcu/example2_particles.hip:133:5: warning: ignoring return value of function declared with 'nodiscard' attribute [-Wunused-result]
    hipEventDestroy(start); hipEventDestroy(stop);
    ^~~~~~~~~~~~~~~ ~~~~~
/public2/home/tangwsh/PhysX/examples/dcu/example2_particles.hip:133:29: warning: ignoring return value of function declared with 'nodiscard' attribute [-Wunused-result]
    hipEventDestroy(start); hipEventDestroy(stop);
                            ^~~~~~~~~~~~~~~ ~~~~
23 warnings generated when compiling for host.
clang++: warning: argument unused during compilation: '-fgpu-flush-denormals-to-zero' [-Wunused-command-line-argument]
In file included from <built-in>:2:
In file included from /public2/home/tangwsh/PhysX/examples/dcu/../../physx/source/gpucommon/include/PxgHIPCompat.h:24:
In file included from /public2/home/tangwsh/PhysX/examples/dcu/../../physx/include/foundation/PxVec3.h:33:
/public2/home/tangwsh/PhysX/examples/dcu/../../physx/include/foundation/PxMath.h:213:1: warning: void function is missing a return statement [-Wreturn-type]
}
^
/public2/home/tangwsh/PhysX/examples/dcu/../../physx/include/foundation/PxMath.h:220:1: warning: void function is missing a return statement [-Wreturn-type]
}
^
In file included from <built-in>:2:
In file included from /public2/home/tangwsh/PhysX/examples/dcu/../../physx/source/gpucommon/include/PxgHIPCompat.h:26:
/public2/home/tangwsh/PhysX/examples/dcu/../../physx/include/foundation/PxMat33.h:431:2: warning: void function is missing a return statement [-Wreturn-type]
        }
        ^
/public2/home/tangwsh/PhysX/examples/dcu/../../physx/include/foundation/PxMat33.h:448:2: warning: void function is missing a return statement [-Wreturn-type]
        }
        ^
/public2/home/tangwsh/PhysX/examples/dcu/../../physx/include/foundation/PxMat33.h:465:2: warning: void function is missing a return statement [-Wreturn-type]
        }
        ^
/public2/home/tangwsh/PhysX/examples/dcu/example3_raycast.hip:30:1: warning: void function is missing a return statement [-Wreturn-type]
}
^
/public2/home/tangwsh/PhysX/examples/dcu/example3_raycast.hip:54:5: warning: ignoring return value of function declared with 'nodiscard' attribute [-Wunused-result]
    hipMalloc(&d_in,  N * sizeof(float));
    ^~~~~~~~~ ~~~~~~~~~~~~~~~~~~~~~~~~~
/public2/home/tangwsh/PhysX/examples/dcu/example3_raycast.hip:55:5: warning: ignoring return value of function declared with 'nodiscard' attribute [-Wunused-result]
    hipMalloc(&d_out, GRID * sizeof(float));
    ^~~~~~~~~ ~~~~~~~~~~~~~~~~~~~~~~~~~~~~
/public2/home/tangwsh/PhysX/examples/dcu/example3_raycast.hip:56:5: warning: ignoring return value of function declared with 'nodiscard' attribute [-Wunused-result]
    hipMemcpy(d_in, h_in, N * sizeof(float), hipMemcpyHostToDevice);
    ^~~~~~~~~ ~~~~~~~~~~~~~~~~~~~~~~~~~~~~~~~~~~~~~~~~~~~~~~~~~~~~
/public2/home/tangwsh/PhysX/examples/dcu/example3_raycast.hip:60:5: warning: ignoring return value of function declared with 'nodiscard' attribute [-Wunused-result]
    hipEventCreate(&start); hipEventCreate(&stop);
    ^~~~~~~~~~~~~~ ~~~~~~
/public2/home/tangwsh/PhysX/examples/dcu/example3_raycast.hip:60:29: warning: ignoring return value of function declared with 'nodiscard' attribute [-Wunused-result]
    hipEventCreate(&start); hipEventCreate(&stop);
                            ^~~~~~~~~~~~~~ ~~~~~
/public2/home/tangwsh/PhysX/examples/dcu/example3_raycast.hip:62:5: warning: ignoring return value of function declared with 'nodiscard' attribute [-Wunused-result]
    hipEventRecord(start);
    ^~~~~~~~~~~~~~
/public2/home/tangwsh/PhysX/examples/dcu/example3_raycast.hip:65:5: warning: ignoring return value of function declared with 'nodiscard' attribute [-Wunused-result]
    hipEventRecord(stop);
    ^~~~~~~~~~~~~~
/public2/home/tangwsh/PhysX/examples/dcu/example3_raycast.hip:66:5: warning: ignoring return value of function declared with 'nodiscard' attribute [-Wunused-result]
    hipDeviceSynchronize();
    ^~~~~~~~~~~~~~~~~~~~
/public2/home/tangwsh/PhysX/examples/dcu/example3_raycast.hip:69:5: warning: ignoring return value of function declared with 'nodiscard' attribute [-Wunused-result]
    hipEventElapsedTime(&ms, start, stop);
    ^~~~~~~~~~~~~~~~~~~ ~~~~~~~~~~~~~~~~
/public2/home/tangwsh/PhysX/examples/dcu/example3_raycast.hip:72:5: warning: ignoring return value of function declared with 'nodiscard' attribute [-Wunused-result]
    hipMemcpy(h_out, d_out, GRID * sizeof(float), hipMemcpyDeviceToHost);
    ^~~~~~~~~ ~~~~~~~~~~~~~~~~~~~~~~~~~~~~~~~~~~~~~~~~~~~~~~~~~~~~~~~~~
/public2/home/tangwsh/PhysX/examples/dcu/example3_raycast.hip:88:5: warning: ignoring return value of function declared with 'nodiscard' attribute [-Wunused-result]
    hipGetDeviceProperties(&props, 0);
    ^~~~~~~~~~~~~~~~~~~~~~ ~~~~~~~~~
/public2/home/tangwsh/PhysX/examples/dcu/example3_raycast.hip:96:5: warning: ignoring return value of function declared with 'nodiscard' attribute [-Wunused-result]
    hipFree(d_in); hipFree(d_out);
    ^~~~~~~ ~~~~
/public2/home/tangwsh/PhysX/examples/dcu/example3_raycast.hip:96:20: warning: ignoring return value of function declared with 'nodiscard' attribute [-Wunused-result]
    hipFree(d_in); hipFree(d_out);
                   ^~~~~~~ ~~~~~
/public2/home/tangwsh/PhysX/examples/dcu/example3_raycast.hip:97:5: warning: ignoring return value of function declared with 'nodiscard' attribute [-Wunused-result]
    hipEventDestroy(start); hipEventDestroy(stop);
    ^~~~~~~~~~~~~~~ ~~~~~
/public2/home/tangwsh/PhysX/examples/dcu/example3_raycast.hip:97:29: warning: ignoring return value of function declared with 'nodiscard' attribute [-Wunused-result]
    hipEventDestroy(start); hipEventDestroy(stop);
                            ^~~~~~~~~~~~~~~ ~~~~
21 warnings generated when compiling for gfx936.
In file included from <built-in>:2:
In file included from /public2/home/tangwsh/PhysX/examples/dcu/../../physx/source/gpucommon/include/PxgHIPCompat.h:24:
In file included from /public2/home/tangwsh/PhysX/examples/dcu/../../physx/include/foundation/PxVec3.h:33:
/public2/home/tangwsh/PhysX/examples/dcu/../../physx/include/foundation/PxMath.h:213:1: warning: void function is missing a return statement [-Wreturn-type]
}
^
/public2/home/tangwsh/PhysX/examples/dcu/../../physx/include/foundation/PxMath.h:220:1: warning: void function is missing a return statement [-Wreturn-type]
}
^
In file included from <built-in>:2:
In file included from /public2/home/tangwsh/PhysX/examples/dcu/../../physx/source/gpucommon/include/PxgHIPCompat.h:26:
/public2/home/tangwsh/PhysX/examples/dcu/../../physx/include/foundation/PxMat33.h:431:2: warning: void function is missing a return statement [-Wreturn-type]
        }
        ^
/public2/home/tangwsh/PhysX/examples/dcu/../../physx/include/foundation/PxMat33.h:448:2: warning: void function is missing a return statement [-Wreturn-type]
        }
        ^
/public2/home/tangwsh/PhysX/examples/dcu/../../physx/include/foundation/PxMat33.h:465:2: warning: void function is missing a return statement [-Wreturn-type]
        }
        ^
/public2/home/tangwsh/PhysX/examples/dcu/example3_raycast.hip:30:1: warning: void function is missing a return statement [-Wreturn-type]
}
^
/public2/home/tangwsh/PhysX/examples/dcu/example3_raycast.hip:54:5: warning: ignoring return value of function declared with 'nodiscard' attribute [-Wunused-result]
    hipMalloc(&d_in,  N * sizeof(float));
    ^~~~~~~~~ ~~~~~~~~~~~~~~~~~~~~~~~~~
/public2/home/tangwsh/PhysX/examples/dcu/example3_raycast.hip:55:5: warning: ignoring return value of function declared with 'nodiscard' attribute [-Wunused-result]
    hipMalloc(&d_out, GRID * sizeof(float));
    ^~~~~~~~~ ~~~~~~~~~~~~~~~~~~~~~~~~~~~~
/public2/home/tangwsh/PhysX/examples/dcu/example3_raycast.hip:56:5: warning: ignoring return value of function declared with 'nodiscard' attribute [-Wunused-result]
    hipMemcpy(d_in, h_in, N * sizeof(float), hipMemcpyHostToDevice);
    ^~~~~~~~~ ~~~~~~~~~~~~~~~~~~~~~~~~~~~~~~~~~~~~~~~~~~~~~~~~~~~~
/public2/home/tangwsh/PhysX/examples/dcu/example3_raycast.hip:60:5: warning: ignoring return value of function declared with 'nodiscard' attribute [-Wunused-result]
    hipEventCreate(&start); hipEventCreate(&stop);
    ^~~~~~~~~~~~~~ ~~~~~~
/public2/home/tangwsh/PhysX/examples/dcu/example3_raycast.hip:60:29: warning: ignoring return value of function declared with 'nodiscard' attribute [-Wunused-result]
    hipEventCreate(&start); hipEventCreate(&stop);
                            ^~~~~~~~~~~~~~ ~~~~~
/public2/home/tangwsh/PhysX/examples/dcu/example3_raycast.hip:62:5: warning: ignoring return value of function declared with 'nodiscard' attribute [-Wunused-result]
    hipEventRecord(start);
    ^~~~~~~~~~~~~~
/public2/home/tangwsh/PhysX/examples/dcu/example3_raycast.hip:65:5: warning: ignoring return value of function declared with 'nodiscard' attribute [-Wunused-result]
    hipEventRecord(stop);
    ^~~~~~~~~~~~~~
/public2/home/tangwsh/PhysX/examples/dcu/example3_raycast.hip:66:5: warning: ignoring return value of function declared with 'nodiscard' attribute [-Wunused-result]
    hipDeviceSynchronize();
    ^~~~~~~~~~~~~~~~~~~~
/public2/home/tangwsh/PhysX/examples/dcu/example3_raycast.hip:69:5: warning: ignoring return value of function declared with 'nodiscard' attribute [-Wunused-result]
    hipEventElapsedTime(&ms, start, stop);
    ^~~~~~~~~~~~~~~~~~~ ~~~~~~~~~~~~~~~~
/public2/home/tangwsh/PhysX/examples/dcu/example3_raycast.hip:72:5: warning: ignoring return value of function declared with 'nodiscard' attribute [-Wunused-result]
    hipMemcpy(h_out, d_out, GRID * sizeof(float), hipMemcpyDeviceToHost);
    ^~~~~~~~~ ~~~~~~~~~~~~~~~~~~~~~~~~~~~~~~~~~~~~~~~~~~~~~~~~~~~~~~~~~
/public2/home/tangwsh/PhysX/examples/dcu/example3_raycast.hip:88:5: warning: ignoring return value of function declared with 'nodiscard' attribute [-Wunused-result]
    hipGetDeviceProperties(&props, 0);
    ^~~~~~~~~~~~~~~~~~~~~~ ~~~~~~~~~
/public2/home/tangwsh/PhysX/examples/dcu/example3_raycast.hip:96:5: warning: ignoring return value of function declared with 'nodiscard' attribute [-Wunused-result]
    hipFree(d_in); hipFree(d_out);
    ^~~~~~~ ~~~~
/public2/home/tangwsh/PhysX/examples/dcu/example3_raycast.hip:96:20: warning: ignoring return value of function declared with 'nodiscard' attribute [-Wunused-result]
    hipFree(d_in); hipFree(d_out);
                   ^~~~~~~ ~~~~~
/public2/home/tangwsh/PhysX/examples/dcu/example3_raycast.hip:97:5: warning: ignoring return value of function declared with 'nodiscard' attribute [-Wunused-result]
    hipEventDestroy(start); hipEventDestroy(stop);
    ^~~~~~~~~~~~~~~ ~~~~~
/public2/home/tangwsh/PhysX/examples/dcu/example3_raycast.hip:97:29: warning: ignoring return value of function declared with 'nodiscard' attribute [-Wunused-result]
    hipEventDestroy(start); hipEventDestroy(stop);
                            ^~~~~~~~~~~~~~~ ~~~~
21 warnings generated when compiling for host.
clang++: warning: argument unused during compilation: '-fgpu-flush-denormals-to-zero' [-Wunused-command-line-argument]
In file included from <built-in>:2:
In file included from /public2/home/tangwsh/PhysX/examples/dcu/../../physx/source/gpucommon/include/PxgHIPCompat.h:24:
In file included from /public2/home/tangwsh/PhysX/examples/dcu/../../physx/include/foundation/PxVec3.h:33:
/public2/home/tangwsh/PhysX/examples/dcu/../../physx/include/foundation/PxMath.h:213:1: warning: void function is missing a return statement [-Wreturn-type]
}
^
/public2/home/tangwsh/PhysX/examples/dcu/../../physx/include/foundation/PxMath.h:220:1: warning: void function is missing a return statement [-Wreturn-type]
}
^
In file included from <built-in>:2:
In file included from /public2/home/tangwsh/PhysX/examples/dcu/../../physx/source/gpucommon/include/PxgHIPCompat.h:26:
/public2/home/tangwsh/PhysX/examples/dcu/../../physx/include/foundation/PxMat33.h:431:2: warning: void function is missing a return statement [-Wreturn-type]
        }
        ^
/public2/home/tangwsh/PhysX/examples/dcu/../../physx/include/foundation/PxMat33.h:448:2: warning: void function is missing a return statement [-Wreturn-type]
        }
        ^
/public2/home/tangwsh/PhysX/examples/dcu/../../physx/include/foundation/PxMat33.h:465:2: warning: void function is missing a return statement [-Wreturn-type]
        }
        ^
/public2/home/tangwsh/PhysX/examples/dcu/example4_shuffle_atomic.hip:26:1: warning: void function is missing a return statement [-Wreturn-type]
}
^
/public2/home/tangwsh/PhysX/examples/dcu/example4_shuffle_atomic.hip:60:5: warning: ignoring return value of function declared with 'nodiscard' attribute [-Wunused-result]
    hipMalloc(&d_in, N * sizeof(float));
    ^~~~~~~~~ ~~~~~~~~~~~~~~~~~~~~~~~~
/public2/home/tangwsh/PhysX/examples/dcu/example4_shuffle_atomic.hip:61:5: warning: ignoring return value of function declared with 'nodiscard' attribute [-Wunused-result]
    hipMalloc(&d_sum, sizeof(float));
    ^~~~~~~~~ ~~~~~~~~~~~~~~~~~~~~~
/public2/home/tangwsh/PhysX/examples/dcu/example4_shuffle_atomic.hip:62:5: warning: ignoring return value of function declared with 'nodiscard' attribute [-Wunused-result]
    hipMemcpy(d_in, h_in, N * sizeof(float), hipMemcpyHostToDevice);
    ^~~~~~~~~ ~~~~~~~~~~~~~~~~~~~~~~~~~~~~~~~~~~~~~~~~~~~~~~~~~~~~
/public2/home/tangwsh/PhysX/examples/dcu/example4_shuffle_atomic.hip:65:5: warning: ignoring return value of function declared with 'nodiscard' attribute [-Wunused-result]
    hipMemcpy(d_sum, &zero, sizeof(float), hipMemcpyHostToDevice);
    ^~~~~~~~~ ~~~~~~~~~~~~~~~~~~~~~~~~~~~~~~~~~~~~~~~~~~~~~~~~~~
/public2/home/tangwsh/PhysX/examples/dcu/example4_shuffle_atomic.hip:68:5: warning: ignoring return value of function declared with 'nodiscard' attribute [-Wunused-result]
    hipDeviceSynchronize();
    ^~~~~~~~~~~~~~~~~~~~
/public2/home/tangwsh/PhysX/examples/dcu/example4_shuffle_atomic.hip:71:5: warning: ignoring return value of function declared with 'nodiscard' attribute [-Wunused-result]
    hipMemcpy(&gpu, d_sum, sizeof(float), hipMemcpyDeviceToHost);
    ^~~~~~~~~ ~~~~~~~~~~~~~~~~~~~~~~~~~~~~~~~~~~~~~~~~~~~~~~~~~
/public2/home/tangwsh/PhysX/examples/dcu/example4_shuffle_atomic.hip:76:5: warning: ignoring return value of function declared with 'nodiscard' attribute [-Wunused-result]
    hipMalloc(&d_min, sizeof(float));
    ^~~~~~~~~ ~~~~~~~~~~~~~~~~~~~~~
/public2/home/tangwsh/PhysX/examples/dcu/example4_shuffle_atomic.hip:78:5: warning: ignoring return value of function declared with 'nodiscard' attribute [-Wunused-result]
    hipMemcpy(d_min, &init, sizeof(float), hipMemcpyHostToDevice);
    ^~~~~~~~~ ~~~~~~~~~~~~~~~~~~~~~~~~~~~~~~~~~~~~~~~~~~~~~~~~~~
/public2/home/tangwsh/PhysX/examples/dcu/example4_shuffle_atomic.hip:81:5: warning: ignoring return value of function declared with 'nodiscard' attribute [-Wunused-result]
    hipDeviceSynchronize();
    ^~~~~~~~~~~~~~~~~~~~
/public2/home/tangwsh/PhysX/examples/dcu/example4_shuffle_atomic.hip:84:5: warning: ignoring return value of function declared with 'nodiscard' attribute [-Wunused-result]
    hipMemcpy(&minVal, d_min, sizeof(float), hipMemcpyDeviceToHost);
    ^~~~~~~~~ ~~~~~~~~~~~~~~~~~~~~~~~~~~~~~~~~~~~~~~~~~~~~~~~~~~~~
/public2/home/tangwsh/PhysX/examples/dcu/example4_shuffle_atomic.hip:89:5: warning: ignoring return value of function declared with 'nodiscard' attribute [-Wunused-result]
    hipMalloc(&d_warp, sizeof(unsigned));
    ^~~~~~~~~ ~~~~~~~~~~~~~~~~~~~~~~~~~
/public2/home/tangwsh/PhysX/examples/dcu/example4_shuffle_atomic.hip:96:5: warning: ignoring return value of function declared with 'nodiscard' attribute [-Wunused-result]
    hipFree(d_in); hipFree(d_sum); hipFree(d_min); hipFree(d_warp);
    ^~~~~~~ ~~~~
/public2/home/tangwsh/PhysX/examples/dcu/example4_shuffle_atomic.hip:96:20: warning: ignoring return value of function declared with 'nodiscard' attribute [-Wunused-result]
    hipFree(d_in); hipFree(d_sum); hipFree(d_min); hipFree(d_warp);
                   ^~~~~~~ ~~~~~
/public2/home/tangwsh/PhysX/examples/dcu/example4_shuffle_atomic.hip:96:36: warning: ignoring return value of function declared with 'nodiscard' attribute [-Wunused-result]
    hipFree(d_in); hipFree(d_sum); hipFree(d_min); hipFree(d_warp);
                                   ^~~~~~~ ~~~~~
/public2/home/tangwsh/PhysX/examples/dcu/example4_shuffle_atomic.hip:96:52: warning: ignoring return value of function declared with 'nodiscard' attribute [-Wunused-result]
    hipFree(d_in); hipFree(d_sum); hipFree(d_min); hipFree(d_warp);
                                                   ^~~~~~~ ~~~~~~
21 warnings generated when compiling for gfx936.
In file included from <built-in>:2:
In file included from /public2/home/tangwsh/PhysX/examples/dcu/../../physx/source/gpucommon/include/PxgHIPCompat.h:24:
In file included from /public2/home/tangwsh/PhysX/examples/dcu/../../physx/include/foundation/PxVec3.h:33:
/public2/home/tangwsh/PhysX/examples/dcu/../../physx/include/foundation/PxMath.h:213:1: warning: void function is missing a return statement [-Wreturn-type]
}
^
/public2/home/tangwsh/PhysX/examples/dcu/../../physx/include/foundation/PxMath.h:220:1: warning: void function is missing a return statement [-Wreturn-type]
}
^
In file included from <built-in>:2:
In file included from /public2/home/tangwsh/PhysX/examples/dcu/../../physx/source/gpucommon/include/PxgHIPCompat.h:26:
/public2/home/tangwsh/PhysX/examples/dcu/../../physx/include/foundation/PxMat33.h:431:2: warning: void function is missing a return statement [-Wreturn-type]
        }
        ^
/public2/home/tangwsh/PhysX/examples/dcu/../../physx/include/foundation/PxMat33.h:448:2: warning: void function is missing a return statement [-Wreturn-type]
        }
        ^
/public2/home/tangwsh/PhysX/examples/dcu/../../physx/include/foundation/PxMat33.h:465:2: warning: void function is missing a return statement [-Wreturn-type]
        }
        ^
/public2/home/tangwsh/PhysX/examples/dcu/example4_shuffle_atomic.hip:26:1: warning: void function is missing a return statement [-Wreturn-type]
}
^
/public2/home/tangwsh/PhysX/examples/dcu/example4_shuffle_atomic.hip:60:5: warning: ignoring return value of function declared with 'nodiscard' attribute [-Wunused-result]
    hipMalloc(&d_in, N * sizeof(float));
    ^~~~~~~~~ ~~~~~~~~~~~~~~~~~~~~~~~~
/public2/home/tangwsh/PhysX/examples/dcu/example4_shuffle_atomic.hip:61:5: warning: ignoring return value of function declared with 'nodiscard' attribute [-Wunused-result]
    hipMalloc(&d_sum, sizeof(float));
    ^~~~~~~~~ ~~~~~~~~~~~~~~~~~~~~~
/public2/home/tangwsh/PhysX/examples/dcu/example4_shuffle_atomic.hip:62:5: warning: ignoring return value of function declared with 'nodiscard' attribute [-Wunused-result]
    hipMemcpy(d_in, h_in, N * sizeof(float), hipMemcpyHostToDevice);
    ^~~~~~~~~ ~~~~~~~~~~~~~~~~~~~~~~~~~~~~~~~~~~~~~~~~~~~~~~~~~~~~
/public2/home/tangwsh/PhysX/examples/dcu/example4_shuffle_atomic.hip:65:5: warning: ignoring return value of function declared with 'nodiscard' attribute [-Wunused-result]
    hipMemcpy(d_sum, &zero, sizeof(float), hipMemcpyHostToDevice);
    ^~~~~~~~~ ~~~~~~~~~~~~~~~~~~~~~~~~~~~~~~~~~~~~~~~~~~~~~~~~~~
/public2/home/tangwsh/PhysX/examples/dcu/example4_shuffle_atomic.hip:68:5: warning: ignoring return value of function declared with 'nodiscard' attribute [-Wunused-result]
    hipDeviceSynchronize();
    ^~~~~~~~~~~~~~~~~~~~
/public2/home/tangwsh/PhysX/examples/dcu/example4_shuffle_atomic.hip:71:5: warning: ignoring return value of function declared with 'nodiscard' attribute [-Wunused-result]
    hipMemcpy(&gpu, d_sum, sizeof(float), hipMemcpyDeviceToHost);
    ^~~~~~~~~ ~~~~~~~~~~~~~~~~~~~~~~~~~~~~~~~~~~~~~~~~~~~~~~~~~
/public2/home/tangwsh/PhysX/examples/dcu/example4_shuffle_atomic.hip:76:5: warning: ignoring return value of function declared with 'nodiscard' attribute [-Wunused-result]
    hipMalloc(&d_min, sizeof(float));
    ^~~~~~~~~ ~~~~~~~~~~~~~~~~~~~~~
/public2/home/tangwsh/PhysX/examples/dcu/example4_shuffle_atomic.hip:78:5: warning: ignoring return value of function declared with 'nodiscard' attribute [-Wunused-result]
    hipMemcpy(d_min, &init, sizeof(float), hipMemcpyHostToDevice);
    ^~~~~~~~~ ~~~~~~~~~~~~~~~~~~~~~~~~~~~~~~~~~~~~~~~~~~~~~~~~~~
/public2/home/tangwsh/PhysX/examples/dcu/example4_shuffle_atomic.hip:81:5: warning: ignoring return value of function declared with 'nodiscard' attribute [-Wunused-result]
    hipDeviceSynchronize();
    ^~~~~~~~~~~~~~~~~~~~
/public2/home/tangwsh/PhysX/examples/dcu/example4_shuffle_atomic.hip:84:5: warning: ignoring return value of function declared with 'nodiscard' attribute [-Wunused-result]
    hipMemcpy(&minVal, d_min, sizeof(float), hipMemcpyDeviceToHost);
    ^~~~~~~~~ ~~~~~~~~~~~~~~~~~~~~~~~~~~~~~~~~~~~~~~~~~~~~~~~~~~~~
/public2/home/tangwsh/PhysX/examples/dcu/example4_shuffle_atomic.hip:89:5: warning: ignoring return value of function declared with 'nodiscard' attribute [-Wunused-result]
    hipMalloc(&d_warp, sizeof(unsigned));
    ^~~~~~~~~ ~~~~~~~~~~~~~~~~~~~~~~~~~
/public2/home/tangwsh/PhysX/examples/dcu/example4_shuffle_atomic.hip:96:5: warning: ignoring return value of function declared with 'nodiscard' attribute [-Wunused-result]
    hipFree(d_in); hipFree(d_sum); hipFree(d_min); hipFree(d_warp);
    ^~~~~~~ ~~~~
/public2/home/tangwsh/PhysX/examples/dcu/example4_shuffle_atomic.hip:96:20: warning: ignoring return value of function declared with 'nodiscard' attribute [-Wunused-result]
    hipFree(d_in); hipFree(d_sum); hipFree(d_min); hipFree(d_warp);
                   ^~~~~~~ ~~~~~
/public2/home/tangwsh/PhysX/examples/dcu/example4_shuffle_atomic.hip:96:36: warning: ignoring return value of function declared with 'nodiscard' attribute [-Wunused-result]
    hipFree(d_in); hipFree(d_sum); hipFree(d_min); hipFree(d_warp);
                                   ^~~~~~~ ~~~~~
/public2/home/tangwsh/PhysX/examples/dcu/example4_shuffle_atomic.hip:96:52: warning: ignoring return value of function declared with 'nodiscard' attribute [-Wunused-result]
    hipFree(d_in); hipFree(d_sum); hipFree(d_min); hipFree(d_warp);
                                                   ^~~~~~~ ~~~~~~
21 warnings generated when compiling for host.
clang++: warning: argument unused during compilation: '-fgpu-flush-denormals-to-zero' [-Wunused-command-line-argument]
In file included from <built-in>:2:
In file included from /public2/home/tangwsh/PhysX/examples/dcu/../../physx/source/gpucommon/include/PxgHIPCompat.h:24:
In file included from /public2/home/tangwsh/PhysX/examples/dcu/../../physx/include/foundation/PxVec3.h:33:
/public2/home/tangwsh/PhysX/examples/dcu/../../physx/include/foundation/PxMath.h:213:1: warning: void function is missing a return statement [-Wreturn-type]
}
^
/public2/home/tangwsh/PhysX/examples/dcu/../../physx/include/foundation/PxMath.h:220:1: warning: void function is missing a return statement [-Wreturn-type]
}
^
In file included from <built-in>:2:
In file included from /public2/home/tangwsh/PhysX/examples/dcu/../../physx/source/gpucommon/include/PxgHIPCompat.h:26:
/public2/home/tangwsh/PhysX/examples/dcu/../../physx/include/foundation/PxMat33.h:431:2: warning: void function is missing a return statement [-Wreturn-type]
        }
        ^
/public2/home/tangwsh/PhysX/examples/dcu/../../physx/include/foundation/PxMat33.h:448:2: warning: void function is missing a return statement [-Wreturn-type]
        }
        ^
/public2/home/tangwsh/PhysX/examples/dcu/../../physx/include/foundation/PxMat33.h:465:2: warning: void function is missing a return statement [-Wreturn-type]
        }
        ^
/public2/home/tangwsh/PhysX/examples/dcu/example5_sort.hip:32:1: warning: void function is missing a return statement [-Wreturn-type]
}
^
/public2/home/tangwsh/PhysX/examples/dcu/example5_sort.hip:46:1: warning: void function is missing a return statement [-Wreturn-type]
}
^
/public2/home/tangwsh/PhysX/examples/dcu/example5_sort.hip:64:5: warning: ignoring return value of function declared with 'nodiscard' attribute [-Wunused-result]
    hipMalloc(&d_in, N * sizeof(PxU32));
    ^~~~~~~~~ ~~~~~~~~~~~~~~~~~~~~~~~~
/public2/home/tangwsh/PhysX/examples/dcu/example5_sort.hip:65:5: warning: ignoring return value of function declared with 'nodiscard' attribute [-Wunused-result]
    hipMemcpy(d_in, h_keys, N * sizeof(PxU32), hipMemcpyHostToDevice);
    ^~~~~~~~~ ~~~~~~~~~~~~~~~~~~~~~~~~~~~~~~~~~~~~~~~~~~~~~~~~~~~~~~
/public2/home/tangwsh/PhysX/examples/dcu/example5_sort.hip:68:5: warning: ignoring return value of function declared with 'nodiscard' attribute [-Wunused-result]
    hipEventCreate(&start); hipEventCreate(&stop);
    ^~~~~~~~~~~~~~ ~~~~~~
/public2/home/tangwsh/PhysX/examples/dcu/example5_sort.hip:68:29: warning: ignoring return value of function declared with 'nodiscard' attribute [-Wunused-result]
    hipEventCreate(&start); hipEventCreate(&stop);
                            ^~~~~~~~~~~~~~ ~~~~~
/public2/home/tangwsh/PhysX/examples/dcu/example5_sort.hip:69:5: warning: ignoring return value of function declared with 'nodiscard' attribute [-Wunused-result]
    hipEventRecord(start);
    ^~~~~~~~~~~~~~
/public2/home/tangwsh/PhysX/examples/dcu/example5_sort.hip:75:5: warning: ignoring return value of function declared with 'nodiscard' attribute [-Wunused-result]
    hipEventRecord(stop);
    ^~~~~~~~~~~~~~
/public2/home/tangwsh/PhysX/examples/dcu/example5_sort.hip:76:5: warning: ignoring return value of function declared with 'nodiscard' attribute [-Wunused-result]
    hipDeviceSynchronize();
    ^~~~~~~~~~~~~~~~~~~~
/public2/home/tangwsh/PhysX/examples/dcu/example5_sort.hip:78:5: warning: ignoring return value of function declared with 'nodiscard' attribute [-Wunused-result]
    hipEventElapsedTime(&ms, start, stop);
    ^~~~~~~~~~~~~~~~~~~ ~~~~~~~~~~~~~~~~
/public2/home/tangwsh/PhysX/examples/dcu/example5_sort.hip:81:5: warning: ignoring return value of function declared with 'nodiscard' attribute [-Wunused-result]
    hipMemcpy(gpu_keys, d_in, N * sizeof(PxU32), hipMemcpyDeviceToHost);
    ^~~~~~~~~ ~~~~~~~~~~~~~~~~~~~~~~~~~~~~~~~~~~~~~~~~~~~~~~~~~~~~~~~~
/public2/home/tangwsh/PhysX/examples/dcu/example5_sort.hip:99:5: warning: ignoring return value of function declared with 'nodiscard' attribute [-Wunused-result]
    hipFree(d_in);
    ^~~~~~~ ~~~~
/public2/home/tangwsh/PhysX/examples/dcu/example5_sort.hip:100:5: warning: ignoring return value of function declared with 'nodiscard' attribute [-Wunused-result]
    hipEventDestroy(start); hipEventDestroy(stop);
    ^~~~~~~~~~~~~~~ ~~~~~
/public2/home/tangwsh/PhysX/examples/dcu/example5_sort.hip:100:29: warning: ignoring return value of function declared with 'nodiscard' attribute [-Wunused-result]
    hipEventDestroy(start); hipEventDestroy(stop);
                            ^~~~~~~~~~~~~~~ ~~~~
19 warnings generated when compiling for gfx936.
In file included from <built-in>:2:
In file included from /public2/home/tangwsh/PhysX/examples/dcu/../../physx/source/gpucommon/include/PxgHIPCompat.h:24:
In file included from /public2/home/tangwsh/PhysX/examples/dcu/../../physx/include/foundation/PxVec3.h:33:
/public2/home/tangwsh/PhysX/examples/dcu/../../physx/include/foundation/PxMath.h:213:1: warning: void function is missing a return statement [-Wreturn-type]
}
^
/public2/home/tangwsh/PhysX/examples/dcu/../../physx/include/foundation/PxMath.h:220:1: warning: void function is missing a return statement [-Wreturn-type]
}
^
In file included from <built-in>:2:
In file included from /public2/home/tangwsh/PhysX/examples/dcu/../../physx/source/gpucommon/include/PxgHIPCompat.h:26:
/public2/home/tangwsh/PhysX/examples/dcu/../../physx/include/foundation/PxMat33.h:431:2: warning: void function is missing a return statement [-Wreturn-type]
        }
        ^
/public2/home/tangwsh/PhysX/examples/dcu/../../physx/include/foundation/PxMat33.h:448:2: warning: void function is missing a return statement [-Wreturn-type]
        }
        ^
/public2/home/tangwsh/PhysX/examples/dcu/../../physx/include/foundation/PxMat33.h:465:2: warning: void function is missing a return statement [-Wreturn-type]
        }
        ^
/public2/home/tangwsh/PhysX/examples/dcu/example5_sort.hip:32:1: warning: void function is missing a return statement [-Wreturn-type]
}
^
/public2/home/tangwsh/PhysX/examples/dcu/example5_sort.hip:46:1: warning: void function is missing a return statement [-Wreturn-type]
}
^
/public2/home/tangwsh/PhysX/examples/dcu/example5_sort.hip:64:5: warning: ignoring return value of function declared with 'nodiscard' attribute [-Wunused-result]
    hipMalloc(&d_in, N * sizeof(PxU32));
    ^~~~~~~~~ ~~~~~~~~~~~~~~~~~~~~~~~~
/public2/home/tangwsh/PhysX/examples/dcu/example5_sort.hip:65:5: warning: ignoring return value of function declared with 'nodiscard' attribute [-Wunused-result]
    hipMemcpy(d_in, h_keys, N * sizeof(PxU32), hipMemcpyHostToDevice);
    ^~~~~~~~~ ~~~~~~~~~~~~~~~~~~~~~~~~~~~~~~~~~~~~~~~~~~~~~~~~~~~~~~
/public2/home/tangwsh/PhysX/examples/dcu/example5_sort.hip:68:5: warning: ignoring return value of function declared with 'nodiscard' attribute [-Wunused-result]
    hipEventCreate(&start); hipEventCreate(&stop);
    ^~~~~~~~~~~~~~ ~~~~~~
/public2/home/tangwsh/PhysX/examples/dcu/example5_sort.hip:68:29: warning: ignoring return value of function declared with 'nodiscard' attribute [-Wunused-result]
    hipEventCreate(&start); hipEventCreate(&stop);
                            ^~~~~~~~~~~~~~ ~~~~~
/public2/home/tangwsh/PhysX/examples/dcu/example5_sort.hip:69:5: warning: ignoring return value of function declared with 'nodiscard' attribute [-Wunused-result]
    hipEventRecord(start);
    ^~~~~~~~~~~~~~
/public2/home/tangwsh/PhysX/examples/dcu/example5_sort.hip:75:5: warning: ignoring return value of function declared with 'nodiscard' attribute [-Wunused-result]
    hipEventRecord(stop);
    ^~~~~~~~~~~~~~
/public2/home/tangwsh/PhysX/examples/dcu/example5_sort.hip:76:5: warning: ignoring return value of function declared with 'nodiscard' attribute [-Wunused-result]
    hipDeviceSynchronize();
    ^~~~~~~~~~~~~~~~~~~~
/public2/home/tangwsh/PhysX/examples/dcu/example5_sort.hip:78:5: warning: ignoring return value of function declared with 'nodiscard' attribute [-Wunused-result]
    hipEventElapsedTime(&ms, start, stop);
    ^~~~~~~~~~~~~~~~~~~ ~~~~~~~~~~~~~~~~
/public2/home/tangwsh/PhysX/examples/dcu/example5_sort.hip:81:5: warning: ignoring return value of function declared with 'nodiscard' attribute [-Wunused-result]
    hipMemcpy(gpu_keys, d_in, N * sizeof(PxU32), hipMemcpyDeviceToHost);
    ^~~~~~~~~ ~~~~~~~~~~~~~~~~~~~~~~~~~~~~~~~~~~~~~~~~~~~~~~~~~~~~~~~~
/public2/home/tangwsh/PhysX/examples/dcu/example5_sort.hip:99:5: warning: ignoring return value of function declared with 'nodiscard' attribute [-Wunused-result]
    hipFree(d_in);
    ^~~~~~~ ~~~~
/public2/home/tangwsh/PhysX/examples/dcu/example5_sort.hip:100:5: warning: ignoring return value of function declared with 'nodiscard' attribute [-Wunused-result]
    hipEventDestroy(start); hipEventDestroy(stop);
    ^~~~~~~~~~~~~~~ ~~~~~
/public2/home/tangwsh/PhysX/examples/dcu/example5_sort.hip:100:29: warning: ignoring return value of function declared with 'nodiscard' attribute [-Wunused-result]
    hipEventDestroy(start); hipEventDestroy(stop);
                            ^~~~~~~~~~~~~~~ ~~~~
19 warnings generated when compiling for host.
clang++: warning: argument unused during compilation: '-fgpu-flush-denormals-to-zero' [-Wunused-command-line-argument]
In file included from <built-in>:2:
In file included from /public2/home/tangwsh/PhysX/examples/dcu/../../physx/source/gpucommon/include/PxgHIPCompat.h:24:
In file included from /public2/home/tangwsh/PhysX/examples/dcu/../../physx/include/foundation/PxVec3.h:33:
/public2/home/tangwsh/PhysX/examples/dcu/../../physx/include/foundation/PxMath.h:213:1: warning: void function is missing a return statement [-Wreturn-type]
}
^
/public2/home/tangwsh/PhysX/examples/dcu/../../physx/include/foundation/PxMath.h:220:1: warning: void function is missing a return statement [-Wreturn-type]
}
^
In file included from <built-in>:2:
In file included from /public2/home/tangwsh/PhysX/examples/dcu/../../physx/source/gpucommon/include/PxgHIPCompat.h:26:
/public2/home/tangwsh/PhysX/examples/dcu/../../physx/include/foundation/PxMat33.h:431:2: warning: void function is missing a return statement [-Wreturn-type]
        }
        ^
/public2/home/tangwsh/PhysX/examples/dcu/../../physx/include/foundation/PxMat33.h:448:2: warning: void function is missing a return statement [-Wreturn-type]
        }
        ^
/public2/home/tangwsh/PhysX/examples/dcu/../../physx/include/foundation/PxMat33.h:465:2: warning: void function is missing a return statement [-Wreturn-type]
        }
        ^
/public2/home/tangwsh/PhysX/examples/dcu/example6_contact.hip:55:1: warning: void function is missing a return statement [-Wreturn-type]
}
^
/public2/home/tangwsh/PhysX/examples/dcu/example6_contact.hip:82:5: warning: ignoring return value of function declared with 'nodiscard' attribute [-Wunused-result]
    hipMalloc(&d_in, N * sizeof(GpuContact));
    ^~~~~~~~~ ~~~~~~~~~~~~~~~~~~~~~~~~~~~~~
/public2/home/tangwsh/PhysX/examples/dcu/example6_contact.hip:83:5: warning: ignoring return value of function declared with 'nodiscard' attribute [-Wunused-result]
    hipMalloc(&d_mask, sizeof(PxU32));
    ^~~~~~~~~ ~~~~~~~~~~~~~~~~~~~~~~
/public2/home/tangwsh/PhysX/examples/dcu/example6_contact.hip:84:5: warning: ignoring return value of function declared with 'nodiscard' attribute [-Wunused-result]
    hipMemcpy(d_in, h_in, N * sizeof(GpuContact), hipMemcpyHostToDevice);
    ^~~~~~~~~ ~~~~~~~~~~~~~~~~~~~~~~~~~~~~~~~~~~~~~~~~~~~~~~~~~~~~~~~~~
/public2/home/tangwsh/PhysX/examples/dcu/example6_contact.hip:87:5: warning: ignoring return value of function declared with 'nodiscard' attribute [-Wunused-result]
    hipMemcpy(d_mask, &zero, sizeof(PxU32), hipMemcpyHostToDevice);
    ^~~~~~~~~ ~~~~~~~~~~~~~~~~~~~~~~~~~~~~~~~~~~~~~~~~~~~~~~~~~~~
/public2/home/tangwsh/PhysX/examples/dcu/example6_contact.hip:91:5: warning: ignoring return value of function declared with 'nodiscard' attribute [-Wunused-result]
    hipDeviceSynchronize();
    ^~~~~~~~~~~~~~~~~~~~
/public2/home/tangwsh/PhysX/examples/dcu/example6_contact.hip:94:5: warning: ignoring return value of function declared with 'nodiscard' attribute [-Wunused-result]
    hipMemcpy(&gpu_count, d_mask, sizeof(PxU32), hipMemcpyDeviceToHost);
    ^~~~~~~~~ ~~~~~~~~~~~~~~~~~~~~~~~~~~~~~~~~~~~~~~~~~~~~~~~~~~~~~~~~
/public2/home/tangwsh/PhysX/examples/dcu/example6_contact.hip:105:5: warning: ignoring return value of function declared with 'nodiscard' attribute [-Wunused-result]
    hipFree(d_in); hipFree(d_mask);
    ^~~~~~~ ~~~~
/public2/home/tangwsh/PhysX/examples/dcu/example6_contact.hip:105:20: warning: ignoring return value of function declared with 'nodiscard' attribute [-Wunused-result]
    hipFree(d_in); hipFree(d_mask);
                   ^~~~~~~ ~~~~~~
14 warnings generated when compiling for gfx936.
In file included from <built-in>:2:
In file included from /public2/home/tangwsh/PhysX/examples/dcu/../../physx/source/gpucommon/include/PxgHIPCompat.h:24:
In file included from /public2/home/tangwsh/PhysX/examples/dcu/../../physx/include/foundation/PxVec3.h:33:
/public2/home/tangwsh/PhysX/examples/dcu/../../physx/include/foundation/PxMath.h:213:1: warning: void function is missing a return statement [-Wreturn-type]
}
^
/public2/home/tangwsh/PhysX/examples/dcu/../../physx/include/foundation/PxMath.h:220:1: warning: void function is missing a return statement [-Wreturn-type]
}
^
In file included from <built-in>:2:
In file included from /public2/home/tangwsh/PhysX/examples/dcu/../../physx/source/gpucommon/include/PxgHIPCompat.h:26:
/public2/home/tangwsh/PhysX/examples/dcu/../../physx/include/foundation/PxMat33.h:431:2: warning: void function is missing a return statement [-Wreturn-type]
        }
        ^
/public2/home/tangwsh/PhysX/examples/dcu/../../physx/include/foundation/PxMat33.h:448:2: warning: void function is missing a return statement [-Wreturn-type]
        }
        ^
/public2/home/tangwsh/PhysX/examples/dcu/../../physx/include/foundation/PxMat33.h:465:2: warning: void function is missing a return statement [-Wreturn-type]
        }
        ^
/public2/home/tangwsh/PhysX/examples/dcu/example6_contact.hip:55:1: warning: void function is missing a return statement [-Wreturn-type]
}
^
/public2/home/tangwsh/PhysX/examples/dcu/example6_contact.hip:82:5: warning: ignoring return value of function declared with 'nodiscard' attribute [-Wunused-result]
    hipMalloc(&d_in, N * sizeof(GpuContact));
    ^~~~~~~~~ ~~~~~~~~~~~~~~~~~~~~~~~~~~~~~
/public2/home/tangwsh/PhysX/examples/dcu/example6_contact.hip:83:5: warning: ignoring return value of function declared with 'nodiscard' attribute [-Wunused-result]
    hipMalloc(&d_mask, sizeof(PxU32));
    ^~~~~~~~~ ~~~~~~~~~~~~~~~~~~~~~~
/public2/home/tangwsh/PhysX/examples/dcu/example6_contact.hip:84:5: warning: ignoring return value of function declared with 'nodiscard' attribute [-Wunused-result]
    hipMemcpy(d_in, h_in, N * sizeof(GpuContact), hipMemcpyHostToDevice);
    ^~~~~~~~~ ~~~~~~~~~~~~~~~~~~~~~~~~~~~~~~~~~~~~~~~~~~~~~~~~~~~~~~~~~
/public2/home/tangwsh/PhysX/examples/dcu/example6_contact.hip:87:5: warning: ignoring return value of function declared with 'nodiscard' attribute [-Wunused-result]
    hipMemcpy(d_mask, &zero, sizeof(PxU32), hipMemcpyHostToDevice);
    ^~~~~~~~~ ~~~~~~~~~~~~~~~~~~~~~~~~~~~~~~~~~~~~~~~~~~~~~~~~~~~
/public2/home/tangwsh/PhysX/examples/dcu/example6_contact.hip:91:5: warning: ignoring return value of function declared with 'nodiscard' attribute [-Wunused-result]
    hipDeviceSynchronize();
    ^~~~~~~~~~~~~~~~~~~~
/public2/home/tangwsh/PhysX/examples/dcu/example6_contact.hip:94:5: warning: ignoring return value of function declared with 'nodiscard' attribute [-Wunused-result]
    hipMemcpy(&gpu_count, d_mask, sizeof(PxU32), hipMemcpyDeviceToHost);
    ^~~~~~~~~ ~~~~~~~~~~~~~~~~~~~~~~~~~~~~~~~~~~~~~~~~~~~~~~~~~~~~~~~~
/public2/home/tangwsh/PhysX/examples/dcu/example6_contact.hip:105:5: warning: ignoring return value of function declared with 'nodiscard' attribute [-Wunused-result]
    hipFree(d_in); hipFree(d_mask);
    ^~~~~~~ ~~~~
/public2/home/tangwsh/PhysX/examples/dcu/example6_contact.hip:105:20: warning: ignoring return value of function declared with 'nodiscard' attribute [-Wunused-result]
    hipFree(d_in); hipFree(d_mask);
                   ^~~~~~~ ~~~~~~
14 warnings generated when compiling for host.
clang++: warning: argument unused during compilation: '-fgpu-flush-denormals-to-zero' [-Wunused-command-line-argument]
In file included from <built-in>:2:
In file included from /public2/home/tangwsh/PhysX/examples/dcu/../../physx/source/gpucommon/include/PxgHIPCompat.h:24:
In file included from /public2/home/tangwsh/PhysX/examples/dcu/../../physx/include/foundation/PxVec3.h:33:
/public2/home/tangwsh/PhysX/examples/dcu/../../physx/include/foundation/PxMath.h:213:1: warning: void function is missing a return statement [-Wreturn-type]
}
^
/public2/home/tangwsh/PhysX/examples/dcu/../../physx/include/foundation/PxMath.h:220:1: warning: void function is missing a return statement [-Wreturn-type]
}
^
In file included from <built-in>:2:
In file included from /public2/home/tangwsh/PhysX/examples/dcu/../../physx/source/gpucommon/include/PxgHIPCompat.h:26:
/public2/home/tangwsh/PhysX/examples/dcu/../../physx/include/foundation/PxMat33.h:431:2: warning: void function is missing a return statement [-Wreturn-type]
        }
        ^
/public2/home/tangwsh/PhysX/examples/dcu/../../physx/include/foundation/PxMat33.h:448:2: warning: void function is missing a return statement [-Wreturn-type]
        }
        ^
/public2/home/tangwsh/PhysX/examples/dcu/../../physx/include/foundation/PxMat33.h:465:2: warning: void function is missing a return statement [-Wreturn-type]
        }
        ^
/public2/home/tangwsh/PhysX/examples/dcu/example7_distance.hip:40:1: warning: void function is missing a return statement [-Wreturn-type]
}
^
/public2/home/tangwsh/PhysX/examples/dcu/example7_distance.hip:61:5: warning: ignoring return value of function declared with 'nodiscard' attribute [-Wunused-result]
    hipMalloc(&d_s, N * sizeof(GpuSphere));
    ^~~~~~~~~ ~~~~~~~~~~~~~~~~~~~~~~~~~~~
/public2/home/tangwsh/PhysX/examples/dcu/example7_distance.hip:62:5: warning: ignoring return value of function declared with 'nodiscard' attribute [-Wunused-result]
    hipMalloc(&d_q, N * sizeof(PxVec3));
    ^~~~~~~~~ ~~~~~~~~~~~~~~~~~~~~~~~~
/public2/home/tangwsh/PhysX/examples/dcu/example7_distance.hip:63:5: warning: ignoring return value of function declared with 'nodiscard' attribute [-Wunused-result]
    hipMalloc(&d_d, N * sizeof(float));
    ^~~~~~~~~ ~~~~~~~~~~~~~~~~~~~~~~~
/public2/home/tangwsh/PhysX/examples/dcu/example7_distance.hip:64:5: warning: ignoring return value of function declared with 'nodiscard' attribute [-Wunused-result]
    hipMemcpy(d_s, h_spheres, N * sizeof(GpuSphere), hipMemcpyHostToDevice);
    ^~~~~~~~~ ~~~~~~~~~~~~~~~~~~~~~~~~~~~~~~~~~~~~~~~~~~~~~~~~~~~~~~~~~~~~
/public2/home/tangwsh/PhysX/examples/dcu/example7_distance.hip:65:5: warning: ignoring return value of function declared with 'nodiscard' attribute [-Wunused-result]
    hipMemcpy(d_q, h_query,  N * sizeof(PxVec3),    hipMemcpyHostToDevice);
    ^~~~~~~~~ ~~~~~~~~~~~~~~~~~~~~~~~~~~~~~~~~~~~~~~~~~~~~~~~~~~~~~~~~~~~
/public2/home/tangwsh/PhysX/examples/dcu/example7_distance.hip:68:5: warning: ignoring return value of function declared with 'nodiscard' attribute [-Wunused-result]
    hipEventCreate(&start); hipEventCreate(&stop);
    ^~~~~~~~~~~~~~ ~~~~~~
/public2/home/tangwsh/PhysX/examples/dcu/example7_distance.hip:68:29: warning: ignoring return value of function declared with 'nodiscard' attribute [-Wunused-result]
    hipEventCreate(&start); hipEventCreate(&stop);
                            ^~~~~~~~~~~~~~ ~~~~~
/public2/home/tangwsh/PhysX/examples/dcu/example7_distance.hip:70:5: warning: ignoring return value of function declared with 'nodiscard' attribute [-Wunused-result]
    hipEventRecord(start);
    ^~~~~~~~~~~~~~
/public2/home/tangwsh/PhysX/examples/dcu/example7_distance.hip:73:5: warning: ignoring return value of function declared with 'nodiscard' attribute [-Wunused-result]
    hipEventRecord(stop);
    ^~~~~~~~~~~~~~
/public2/home/tangwsh/PhysX/examples/dcu/example7_distance.hip:74:5: warning: ignoring return value of function declared with 'nodiscard' attribute [-Wunused-result]
    hipDeviceSynchronize();
    ^~~~~~~~~~~~~~~~~~~~
/public2/home/tangwsh/PhysX/examples/dcu/example7_distance.hip:77:5: warning: ignoring return value of function declared with 'nodiscard' attribute [-Wunused-result]
    hipEventElapsedTime(&ms, start, stop);
    ^~~~~~~~~~~~~~~~~~~ ~~~~~~~~~~~~~~~~
/public2/home/tangwsh/PhysX/examples/dcu/example7_distance.hip:80:5: warning: ignoring return value of function declared with 'nodiscard' attribute [-Wunused-result]
    hipMemcpy(h_dist_gpu, d_d, N * sizeof(float), hipMemcpyDeviceToHost);
    ^~~~~~~~~ ~~~~~~~~~~~~~~~~~~~~~~~~~~~~~~~~~~~~~~~~~~~~~~~~~~~~~~~~~
/public2/home/tangwsh/PhysX/examples/dcu/example7_distance.hip:101:5: warning: ignoring return value of function declared with 'nodiscard' attribute [-Wunused-result]
    hipFree(d_s); hipFree(d_q); hipFree(d_d);
    ^~~~~~~ ~~~
/public2/home/tangwsh/PhysX/examples/dcu/example7_distance.hip:101:19: warning: ignoring return value of function declared with 'nodiscard' attribute [-Wunused-result]
    hipFree(d_s); hipFree(d_q); hipFree(d_d);
                  ^~~~~~~ ~~~
/public2/home/tangwsh/PhysX/examples/dcu/example7_distance.hip:101:33: warning: ignoring return value of function declared with 'nodiscard' attribute [-Wunused-result]
    hipFree(d_s); hipFree(d_q); hipFree(d_d);
                                ^~~~~~~ ~~~
/public2/home/tangwsh/PhysX/examples/dcu/example7_distance.hip:102:5: warning: ignoring return value of function declared with 'nodiscard' attribute [-Wunused-result]
    hipEventDestroy(start); hipEventDestroy(stop);
    ^~~~~~~~~~~~~~~ ~~~~~
/public2/home/tangwsh/PhysX/examples/dcu/example7_distance.hip:102:29: warning: ignoring return value of function declared with 'nodiscard' attribute [-Wunused-result]
    hipEventDestroy(start); hipEventDestroy(stop);
                            ^~~~~~~~~~~~~~~ ~~~~
23 warnings generated when compiling for gfx936.
In file included from <built-in>:2:
In file included from /public2/home/tangwsh/PhysX/examples/dcu/../../physx/source/gpucommon/include/PxgHIPCompat.h:24:
In file included from /public2/home/tangwsh/PhysX/examples/dcu/../../physx/include/foundation/PxVec3.h:33:
/public2/home/tangwsh/PhysX/examples/dcu/../../physx/include/foundation/PxMath.h:213:1: warning: void function is missing a return statement [-Wreturn-type]
}
^
/public2/home/tangwsh/PhysX/examples/dcu/../../physx/include/foundation/PxMath.h:220:1: warning: void function is missing a return statement [-Wreturn-type]
}
^
In file included from <built-in>:2:
In file included from /public2/home/tangwsh/PhysX/examples/dcu/../../physx/source/gpucommon/include/PxgHIPCompat.h:26:
/public2/home/tangwsh/PhysX/examples/dcu/../../physx/include/foundation/PxMat33.h:431:2: warning: void function is missing a return statement [-Wreturn-type]
        }
        ^
/public2/home/tangwsh/PhysX/examples/dcu/../../physx/include/foundation/PxMat33.h:448:2: warning: void function is missing a return statement [-Wreturn-type]
        }
        ^
/public2/home/tangwsh/PhysX/examples/dcu/../../physx/include/foundation/PxMat33.h:465:2: warning: void function is missing a return statement [-Wreturn-type]
        }
        ^
/public2/home/tangwsh/PhysX/examples/dcu/example7_distance.hip:40:1: warning: void function is missing a return statement [-Wreturn-type]
}
^
/public2/home/tangwsh/PhysX/examples/dcu/example7_distance.hip:61:5: warning: ignoring return value of function declared with 'nodiscard' attribute [-Wunused-result]
    hipMalloc(&d_s, N * sizeof(GpuSphere));
    ^~~~~~~~~ ~~~~~~~~~~~~~~~~~~~~~~~~~~~
/public2/home/tangwsh/PhysX/examples/dcu/example7_distance.hip:62:5: warning: ignoring return value of function declared with 'nodiscard' attribute [-Wunused-result]
    hipMalloc(&d_q, N * sizeof(PxVec3));
    ^~~~~~~~~ ~~~~~~~~~~~~~~~~~~~~~~~~
/public2/home/tangwsh/PhysX/examples/dcu/example7_distance.hip:63:5: warning: ignoring return value of function declared with 'nodiscard' attribute [-Wunused-result]
    hipMalloc(&d_d, N * sizeof(float));
    ^~~~~~~~~ ~~~~~~~~~~~~~~~~~~~~~~~
/public2/home/tangwsh/PhysX/examples/dcu/example7_distance.hip:64:5: warning: ignoring return value of function declared with 'nodiscard' attribute [-Wunused-result]
    hipMemcpy(d_s, h_spheres, N * sizeof(GpuSphere), hipMemcpyHostToDevice);
    ^~~~~~~~~ ~~~~~~~~~~~~~~~~~~~~~~~~~~~~~~~~~~~~~~~~~~~~~~~~~~~~~~~~~~~~
/public2/home/tangwsh/PhysX/examples/dcu/example7_distance.hip:65:5: warning: ignoring return value of function declared with 'nodiscard' attribute [-Wunused-result]
    hipMemcpy(d_q, h_query,  N * sizeof(PxVec3),    hipMemcpyHostToDevice);
    ^~~~~~~~~ ~~~~~~~~~~~~~~~~~~~~~~~~~~~~~~~~~~~~~~~~~~~~~~~~~~~~~~~~~~~
/public2/home/tangwsh/PhysX/examples/dcu/example7_distance.hip:68:5: warning: ignoring return value of function declared with 'nodiscard' attribute [-Wunused-result]
    hipEventCreate(&start); hipEventCreate(&stop);
    ^~~~~~~~~~~~~~ ~~~~~~
/public2/home/tangwsh/PhysX/examples/dcu/example7_distance.hip:68:29: warning: ignoring return value of function declared with 'nodiscard' attribute [-Wunused-result]
    hipEventCreate(&start); hipEventCreate(&stop);
                            ^~~~~~~~~~~~~~ ~~~~~
/public2/home/tangwsh/PhysX/examples/dcu/example7_distance.hip:70:5: warning: ignoring return value of function declared with 'nodiscard' attribute [-Wunused-result]
    hipEventRecord(start);
    ^~~~~~~~~~~~~~
/public2/home/tangwsh/PhysX/examples/dcu/example7_distance.hip:73:5: warning: ignoring return value of function declared with 'nodiscard' attribute [-Wunused-result]
    hipEventRecord(stop);
    ^~~~~~~~~~~~~~
/public2/home/tangwsh/PhysX/examples/dcu/example7_distance.hip:74:5: warning: ignoring return value of function declared with 'nodiscard' attribute [-Wunused-result]
    hipDeviceSynchronize();
    ^~~~~~~~~~~~~~~~~~~~
/public2/home/tangwsh/PhysX/examples/dcu/example7_distance.hip:77:5: warning: ignoring return value of function declared with 'nodiscard' attribute [-Wunused-result]
    hipEventElapsedTime(&ms, start, stop);
    ^~~~~~~~~~~~~~~~~~~ ~~~~~~~~~~~~~~~~
/public2/home/tangwsh/PhysX/examples/dcu/example7_distance.hip:80:5: warning: ignoring return value of function declared with 'nodiscard' attribute [-Wunused-result]
    hipMemcpy(h_dist_gpu, d_d, N * sizeof(float), hipMemcpyDeviceToHost);
    ^~~~~~~~~ ~~~~~~~~~~~~~~~~~~~~~~~~~~~~~~~~~~~~~~~~~~~~~~~~~~~~~~~~~
/public2/home/tangwsh/PhysX/examples/dcu/example7_distance.hip:101:5: warning: ignoring return value of function declared with 'nodiscard' attribute [-Wunused-result]
    hipFree(d_s); hipFree(d_q); hipFree(d_d);
    ^~~~~~~ ~~~
/public2/home/tangwsh/PhysX/examples/dcu/example7_distance.hip:101:19: warning: ignoring return value of function declared with 'nodiscard' attribute [-Wunused-result]
    hipFree(d_s); hipFree(d_q); hipFree(d_d);
                  ^~~~~~~ ~~~
/public2/home/tangwsh/PhysX/examples/dcu/example7_distance.hip:101:33: warning: ignoring return value of function declared with 'nodiscard' attribute [-Wunused-result]
    hipFree(d_s); hipFree(d_q); hipFree(d_d);
                                ^~~~~~~ ~~~
/public2/home/tangwsh/PhysX/examples/dcu/example7_distance.hip:102:5: warning: ignoring return value of function declared with 'nodiscard' attribute [-Wunused-result]
    hipEventDestroy(start); hipEventDestroy(stop);
    ^~~~~~~~~~~~~~~ ~~~~~
/public2/home/tangwsh/PhysX/examples/dcu/example7_distance.hip:102:29: warning: ignoring return value of function declared with 'nodiscard' attribute [-Wunused-result]
    hipEventDestroy(start); hipEventDestroy(stop);
                            ^~~~~~~~~~~~~~~ ~~~~
23 warnings generated when compiling for host.
clang++: warning: argument unused during compilation: '-fgpu-flush-denormals-to-zero' [-Wunused-command-line-argument]
